[2026-04-16 18:23:51] [Chat:3884] 🔍 iMessage 回音过滤器已启动
[2026-04-16 18:23:51] [Chat:4181] 🔍 iMessage 回音过滤器已启动
[2026-04-16 18:23:51] [Chat:3528] 🔍 iMessage 回音过滤器已启动
[2026-04-16 18:23:51] [Chat:4201] 🔍 iMessage 回音过滤器已启动
[2026-04-16 18:23:51] [Chat:1186] 🔍 iMessage 回音过滤器已启动
[2026-04-16 18:23:51] [Chat:4142] 🔍 iMessage 回音过滤器已启动
[2026-04-16 18:23:51] [Chat:4194] 🔍 iMessage 回音过滤器已启动
[2026-04-16 18:23:51] [Chat:79] 🔍 iMessage 回音过滤器已启动
[2026-04-16 18:23:51] [Chat:4199] 🔍 iMessage 回音过滤器已启动
[2026-04-16 18:23:51] [Chat:3875] 🔍 iMessage 回音过滤器已启动
[2026-04-16 18:23:51] [Chat:4197] 🔍 iMessage 回音过滤器已启动
[2026-04-16 18:23:51] [Chat:4202] 🔍 iMessage 回音过滤器已启动
[2026-04-16 18:23:51] [Chat:3884] 📱 我的号码：+8618358008400
[2026-04-16 18:23:51] [Chat:4200] 🔍 iMessage 回音过滤器已启动
[2026-04-16 18:23:51] [Chat:4181] 📱 我的号码：+8618358008400
[2026-04-16 18:23:51] [Chat:4195] 🔍 iMessage 回音过滤器已启动
[2026-04-16 18:23:51] [Chat:4201] 📱 我的号码：+8618358008400
[2026-04-16 18:23:51] [Chat:4192] 🔍 iMessage 回音过滤器已启动
[2026-04-16 18:23:51] [Chat:4196] 🔍 iMessage 回音过滤器已启动
[2026-04-16 18:23:51] [Chat:4193] 🔍 iMessage 回音过滤器已启动
[2026-04-16 18:23:51] [Chat:4202] 📱 我的号码：+8618358008400
[2026-04-16 18:23:51] [Chat:4180] 🔍 iMessage 回音过滤器已启动
[2026-04-16 18:23:51] [Chat:4199] 📱 我的号码：+8618358008400
[2026-04-16 18:23:51] [Chat:3875] 📱 我的号码：+8618358008400
[2026-04-16 18:23:51] [Chat:1186] 📱 我的号码：+8618358008400
[2026-04-16 18:23:51] [Chat:4167] 🔍 iMessage 回音过滤器已启动
[2026-04-16 18:23:51] [Chat:4200] 📱 我的号码：+8618358008400
[2026-04-16 18:23:51] [Chat:79] 📱 我的号码：+8618358008400
[2026-04-16 18:23:51] [Chat:4179] 🔍 iMessage 回音过滤器已启动
[2026-04-16 18:23:51] [Chat:4198] 🔍 iMessage 回音过滤器已启动
[2026-04-16 18:23:51] [Chat:1341] 🔍 iMessage 回音过滤器已启动
[2026-04-16 18:23:51] [Chat:4192] 📱 我的号码：+8618358008400
[2026-04-16 18:23:51] [Chat:4142] 📱 我的号码：+8618358008400
[2026-04-16 18:23:51] [Chat:4177] 🔍 iMessage 回音过滤器已启动
[2026-04-16 18:23:51] [Chat:4197] 📱 我的号码：+8618358008400
[2026-04-16 18:23:51] [Chat:3528] 📱 我的号码：+8618358008400
[2026-04-16 18:23:51] [Chat:3884] ⏰ TTL: 300秒
[2026-04-16 18:23:51] [Chat:4191] 🔍 iMessage 回音过滤器已启动
[2026-04-16 18:23:51] [Chat:1186] ⏰ TTL: 300秒
[2026-04-16 18:23:51] [Chat:4182] 🔍 iMessage 回音过滤器已启动
[2026-04-16 18:23:51] [Chat:4183] 🔍 iMessage 回音过滤器已启动
[2026-04-16 18:23:51] [Chat:76] 🔍 iMessage 回音过滤器已启动
[2026-04-16 18:23:51] [Chat:4194] 📱 我的号码：+8618358008400
[2026-04-16 18:23:51] [Chat:79] ⏰ TTL: 300秒
[2026-04-16 18:23:51] [Chat:117] 🔍 iMessage 回音过滤器已启动
[2026-04-16 18:23:51] [Chat:4192] ⏰ TTL: 300秒
[2026-04-16 18:23:51] [Chat:4142] ⏰ TTL: 300秒
[2026-04-16 18:23:51] [Chat:4196] 📱 我的号码：+8618358008400
[2026-04-16 18:23:51] [Chat:4181] ⏰ TTL: 300秒
[2026-04-16 18:23:51] [Chat:4180] 📱 我的号码：+8618358008400
[2026-04-16 18:23:51] [Chat:4195] 📱 我的号码：+8618358008400
[2026-04-16 18:23:51] [Chat:4177] 📱 我的号码：+8618358008400
[2026-04-16 18:23:51] [Chat:4175] 🔍 iMessage 回音过滤器已启动
[2026-04-16 18:23:51] [Chat:4178] 🔍 iMessage 回音过滤器已启动
[2026-04-16 18:23:51] [Chat:4167] 📱 我的号码：+8618358008400
[2026-04-16 18:23:51] [Chat:4202] ⏰ TTL: 300秒
[2026-04-16 18:23:51] [Chat:4200] ⏰ TTL: 300秒
[2026-04-16 18:23:51] [Chat:4179] 📱 我的号码：+8618358008400
[2026-04-16 18:23:51] [Chat:4198] 📱 我的号码：+8618358008400
[2026-04-16 18:23:51] [Chat:4199] ⏰ TTL: 300秒
[2026-04-16 18:23:51] [Chat:4197] ⏰ TTL: 300秒
[2026-04-16 18:23:51] [Chat:4193] 📱 我的号码：+8618358008400
[2026-04-16 18:23:51] [Chat:1341] 📱 我的号码：+8618358008400
[2026-04-16 18:23:51] [Chat:4183] 📱 我的号码：+8618358008400
[2026-04-16 18:23:51] [Chat:3528] ⏰ TTL: 300秒
[2026-04-16 18:23:51] [Chat:3875] ⏰ TTL: 300秒
[2026-04-16 18:23:51] [Chat:4179] ⏰ TTL: 300秒
[2026-04-16 18:23:51] [Chat:76] 📱 我的号码：+8618358008400
[2026-04-16 18:23:51] [Chat:147] 🔍 iMessage 回音过滤器已启动
[2026-04-16 18:23:51] [Chat:4201] ⏰ TTL: 300秒
[2026-04-16 18:23:51] [Chat:4191] 📱 我的号码：+8618358008400
[2026-04-16 18:23:51] [Chat:476] 🔍 iMessage 回音过滤器已启动
[2026-04-16 18:23:51] [Chat:4182] 📱 我的号码：+8618358008400
[2026-04-16 18:23:51] [Chat:4194] ⏰ TTL: 300秒
[2026-04-16 18:23:51] [Chat:117] 📱 我的号码：+8618358008400
[2026-04-16 18:23:51] [Chat:4180] ⏰ TTL: 300秒
[2026-04-16 18:23:51] [Chat:4166] 🔍 iMessage 回音过滤器已启动
[2026-04-16 18:23:51] [Chat:4175] 📱 我的号码：+8618358008400
[2026-04-16 18:23:51] [Chat:4196] ⏰ TTL: 300秒
[2026-04-16 18:23:51] [Chat:4193] ⏰ TTL: 300秒
[2026-04-16 18:23:51] [Chat:4169] 🔍 iMessage 回音过滤器已启动
[2026-04-16 18:23:51] [Chat:1341] ⏰ TTL: 300秒
[2026-04-16 18:23:51] [Chat:4173] 🔍 iMessage 回音过滤器已启动
[2026-04-16 18:23:51] [Chat:4195] ⏰ TTL: 300秒
[2026-04-16 18:23:51] [Chat:4167] ⏰ TTL: 300秒
[2026-04-16 18:23:51] [Chat:4172] 🔍 iMessage 回音过滤器已启动
[2026-04-16 18:23:51] [Chat:120] 🔍 iMessage 回音过滤器已启动
[2026-04-16 18:23:51] [Chat:4170] 🔍 iMessage 回音过滤器已启动
[2026-04-16 18:23:51] [Chat:4177] ⏰ TTL: 300秒
[2026-04-16 18:23:51] [Chat:4198] ⏰ TTL: 300秒
[2026-04-16 18:23:51] [Chat:4182] ⏰ TTL: 300秒
[2026-04-16 18:23:51] [Chat:147] 📱 我的号码：+8618358008400
[2026-04-16 18:23:51] [Chat:4176] 🔍 iMessage 回音过滤器已启动
[2026-04-16 18:23:51] [Chat:4171] 🔍 iMessage 回音过滤器已启动
[2026-04-16 18:23:51] [Chat:68] 🔍 iMessage 回音过滤器已启动
[2026-04-16 18:23:51] [Chat:4178] 📱 我的号码：+8618358008400
[2026-04-16 18:23:51] [Chat:76] ⏰ TTL: 300秒
[2026-04-16 18:23:51] [Chat:476] 📱 我的号码：+8618358008400
[2026-04-16 18:23:51] [Chat:4183] ⏰ TTL: 300秒
[2026-04-16 18:23:51] [Chat:4168] 🔍 iMessage 回音过滤器已启动
[2026-04-16 18:23:51] [Chat:21] 🔍 iMessage 回音过滤器已启动
[2026-04-16 18:23:51] [Chat:4166] 📱 我的号码：+8618358008400
[2026-04-16 18:23:51] [Chat:4191] ⏰ TTL: 300秒
[2026-04-16 18:23:51] [Chat:117] ⏰ TTL: 300秒
[2026-04-16 18:23:51] [Chat:4169] 📱 我的号码：+8618358008400
[2026-04-16 18:23:51] [Chat:87] 🔍 iMessage 回音过滤器已启动
[2026-04-16 18:23:51] [Chat:4173] 📱 我的号码：+8618358008400
[2026-04-16 18:23:51] [Chat:120] 📱 我的号码：+8618358008400
[2026-04-16 18:23:51] [Chat:4176] 📱 我的号码：+8618358008400
[2026-04-16 18:23:51] [Chat:147] ⏰ TTL: 300秒
[2026-04-16 18:23:51] [Chat:4170] 📱 我的号码：+8618358008400
[2026-04-16 18:23:51] [Chat:4162] 🔍 iMessage 回音过滤器已启动
[2026-04-16 18:23:51] [Chat:4175] ⏰ TTL: 300秒
[2026-04-16 18:23:51] [Chat:4178] ⏰ TTL: 300秒
[2026-04-16 18:23:51] [Chat:68] 📱 我的号码：+8618358008400
[2026-04-16 18:23:51] [Chat:4172] 📱 我的号码：+8618358008400
[2026-04-16 18:23:51] [Chat:4168] 📱 我的号码：+8618358008400
[2026-04-16 18:23:51] [Chat:4171] 📱 我的号码：+8618358008400
[2026-04-16 18:23:51] [Chat:21] 📱 我的号码：+8618358008400
[2026-04-16 18:23:51] [Chat:4169] ⏰ TTL: 300秒
[2026-04-16 18:23:51] [Chat:476] ⏰ TTL: 300秒
[2026-04-16 18:23:51] [Chat:4166] ⏰ TTL: 300秒
[2026-04-16 18:23:51] [Chat:87] 📱 我的号码：+8618358008400
[2026-04-16 18:23:51] [Chat:120] ⏰ TTL: 300秒
[2026-04-16 18:23:51] [Chat:4173] ⏰ TTL: 300秒
[2026-04-16 18:23:51] [Chat:4176] ⏰ TTL: 300秒
[2026-04-16 18:23:51] [Chat:4162] 📱 我的号码：+8618358008400
[2026-04-16 18:23:51] [Chat:4170] ⏰ TTL: 300秒
[2026-04-16 18:23:51] [Chat:4168] ⏰ TTL: 300秒
[2026-04-16 18:23:51] [Chat:87] ⏰ TTL: 300秒
[2026-04-16 18:23:51] [Chat:68] ⏰ TTL: 300秒
[2026-04-16 18:23:51] [Chat:4171] ⏰ TTL: 300秒
[2026-04-16 18:23:51] [Chat:21] ⏰ TTL: 300秒
[2026-04-16 18:23:51] [Chat:4172] ⏰ TTL: 300秒
[2026-04-16 18:23:51] [Chat:4162] ⏰ TTL: 300秒
[2026-04-16 18:23:51] [Chat:4105] 🔍 iMessage 回音过滤器已启动
[2026-04-16 18:23:51] [Chat:4161] 🔍 iMessage 回音过滤器已启动
[2026-04-16 18:23:51] [Chat:439] 🔍 iMessage 回音过滤器已启动
[2026-04-16 18:23:51] [Chat:4119] 🔍 iMessage 回音过滤器已启动
[2026-04-16 18:23:51] [Chat:33] 🔍 iMessage 回音过滤器已启动
[2026-04-16 18:23:51] [Chat:4105] 📱 我的号码：+8618358008400
[2026-04-16 18:23:51] [Chat:4161] 📱 我的号码：+8618358008400
[2026-04-16 18:23:51] [Chat:439] 📱 我的号码：+8618358008400
[2026-04-16 18:23:51] [Chat:4119] 📱 我的号码：+8618358008400
[2026-04-16 18:23:51] [Chat:33] 📱 我的号码：+8618358008400
[2026-04-16 18:23:51] [Chat:4105] ⏰ TTL: 300秒
[2026-04-16 18:23:51] [Chat:4161] ⏰ TTL: 300秒
[2026-04-16 18:23:51] [Chat:439] ⏰ TTL: 300秒
[2026-04-16 18:23:51] [Chat:4119] ⏰ TTL: 300秒
[2026-04-16 18:23:51] [Chat:33] ⏰ TTL: 300秒
[2026-04-16 18:24:53] [Chat:3884] ⏭️  跳过回音消息：测试消息...
[2026-04-16 18:26:22] [Chat:3884] ⏭️  跳过回音消息：测试回音123...
