/bin/sh: node: command not found
🔍 获取大盘数据...
   🔍 获取大盘指数...
   ✅ 上证指数: 4,043.38 (-0.15%)
   ✅ 深证成指: 14,806.28 (0.54%)
   ✅ 创业板指: 3,643.15 (1.37%)
   ✅ 科创 50: 1,414.87 (0.04%)
🔥 分析热点板块...
   🔍 获取热点板块...
   ✅ 板块数据：20个，领涨5个，领跌0个
💡 筛选潜力股...
   🔍 获取股票数据（3 榜）...
   ✅ 涨幅榜: 获取 96 只
   ✅ 成交额榜: 获取 56 只
   ✅ 量比榜: 获取 22 只
   🧠 5 维评分计算...
✅ 筛选完成：174只，推荐前12只
📊 分析市场情绪...
📊 分析趋势...

━━━━━━━━━━━━━━━━━━━━━━━━━━━━━━
📊 A 股大盘分析报告（优化版）
━━━━━━━━━━━━━━━━━━━━━━━━━━━━━━
📅 2026-04-17 周五，更新：14:50
ℹ️ 数据来源：东方财富 API | 不构成投资建议 | 股市有风险，入市需谨慎

══════════════════════════════════
📈 一、市场情绪
══════════════════════════════════

🟢🟢 市场情绪：极度乐观
多头比例：100.0% (多2:空0:平2)

══════════════════════════════════
📊 二、大盘指数
══════════════════════════════════

🔵 上证指数 (000001)
├─ 收盘：4,043.38 点
├─ 涨跌：-0.15%
├─ 趋势：震荡
└─ 评分：🟡 震荡

🟡 深证成指 (399001)
├─ 收盘：14,806.28 点
└─ 涨跌：+0.54%

🟢 创业板指 (399006)
├─ 收盘：3,643.15 点
└─ 涨跌：+1.37%

🔴 科创 50 (000688)
├─ 收盘：1,414.87 点
└─ 涨跌：+0.04%

══════════════════════════════════
🔥 三、热点板块
══════════════════════════════════

📈 领涨板块：
1. 衢州发展 +10.15%
2. 均瑶健康 +10.05%
3. 凯盛科技 +10.04%
4. 彩虹股份 +10.03%
5. 金鸿顺 +10.03%

📉 领跌板块：
暂无数据

══════════════════════════════════
💡 四、潜力股推荐（5 维评分 2.0）
══════════════════════════════════

🏆 综合评分前12只潜力股：

1. 恒道科技 (920177) ⭐⭐⭐⭐⭐
   💰 ¥39.57  📈8.17%
   📊 PE:26.14 | 💎 36亿 | 换手:69.20%
   📊 量比3.85 | 💰 成交20亿 | 
   🎯 合理估值 + 强势涨停 + 放量突破 + 资金青睐 + 高活跃 (估18+涨20+量20+资20+技15)

2. 美德乐 (920119) ⭐⭐⭐⭐⭐
   💰 ¥98.50  📈9.57%
   📊 PE:26.18 | 💎 90亿 | 换手:14.55%
   📊 量比4.31 | 💰 成交15亿 | 
   🎯 合理估值 + 强势涨停 + 放量突破 + 资金青睐 + 活跃 (估18+涨20+量20+资20+技12)

3. 聚能鼎力 (834084) ⭐⭐⭐⭐⭐
   💰 ¥0.25  📈38.89%
   📊 PE:8.72 | 💎 0亿 | 换手:0.07%
   📊 量比6.87 | 💰 成交67亿 | 
   🎯 低估值 + 强势涨停 + 放量突破 + 资金青睐 (估25+涨20+量20+资20+技0)

4. 创达新材 (920012) ⭐⭐⭐⭐⭐
   💰 ¥63.83  📈30.00%
   📊 PE:47.99 | 💎 50亿 | 换手:50.99%
   📊 量比3.95 | 💰 成交32亿 | 
   🎯 强势涨停 + 放量突破 + 资金青睐 + 高活跃 (估10+涨20+量20+资20+技15)

5. 建邦科技 (920242) ⭐⭐⭐⭐⭐
   💰 ¥27.50  📈17.22%
   📊 PE:21.31 | 💎 24亿 | 换手:8.87%
   📊 量比2.70 | 💰 成交17亿 | 
   🎯 合理估值 + 强势涨停 + 放量 + 资金青睐 + 活跃 (估18+涨20+量15+资20+技12)

6. 赛英电子 (920181) ⭐⭐⭐⭐⭐
   💰 ¥74.37  📈15.32%
   📊 PE:36.48 | 💎 64亿 | 换手:47.10%
   📊 量比5.14 | 💰 成交26亿 | 
   🎯 强势涨停 + 放量突破 + 资金青睐 + 高活跃 (估10+涨20+量20+资20+技15)

7. 置富科技 (838696) ⭐⭐⭐⭐⭐
   💰 ¥3.79  📈12.13%
   📊 PE:14.36 | 💎 3亿 | 换手:1.36%
   📊 量比2.23 | 💰 成交14亿 | 
   🎯 低估值 + 强势涨停 + 放量 + 资金青睐 (估25+涨20+量15+资20+技4)

8. 利通科技 (920225) ⭐⭐⭐⭐⭐
   💰 ¥32.27  📈12.91%
   📊 PE:49.21 | 💎 29亿 | 换手:12.42%
   📊 量比5.60 | 💰 成交18亿 | 
   🎯 强势涨停 + 放量突破 + 资金青睐 + 活跃 (估10+涨20+量20+资20+技12)

9. 欧莱新材 (688530) ⭐⭐⭐⭐⭐
   💰 ¥35.85  📈13.34%
   📊 PE:-141.68 | 💎 32亿 | 换手:31.15%
   📊 量比7.11 | 💰 成交20亿 | 
   🎯 亏损股 + 强势涨停 + 放量突破 + 资金青睐 + 高活跃 (估5+涨20+量20+资20+技15)

10. 族兴新材 (920078) ⭐⭐⭐⭐⭐
   💰 ¥25.82  📈8.81%
   📊 PE:37.86 | 💎 24亿 | 换手:33.46%
   📊 量比2.97 | 💰 成交20亿 | 
   🎯 强势涨停 + 放量 + 资金青睐 + 高活跃 (估10+涨20+量15+资20+技15)

11. 维科技术 (600152) ⭐⭐⭐⭐⭐
   💰 ¥13.90  📈9.97%
   📊 PE:-76.05 | 💎 12亿 | 换手:21.91%
   📊 量比4.42 | 💰 成交15亿 | 
   🎯 亏损股 + 强势涨停 + 放量突破 + 资金青睐 + 高活跃 (估5+涨20+量20+资20+技15)

12. 超滤环保 (836893) ⭐⭐⭐⭐
   💰 ¥9.48  📈20.92%
   📊 PE:17.91 | 💎 9亿 | 换手:0.01%
   📊 量比4.55 | 💰 成交1亿 | 
   🎯 合理估值 + 强势涨停 + 放量突破 + 资金青睐 (估18+涨20+量20+资20+技0)

💡 5 维评分逻辑：
• 估值（0-25 分）：PE 越低分越高
• 涨幅（0-20 分）：涨越多分越高
• 量能（0-20 分）：量比越高分越高
• 资金（0-20 分）：成交额越高分越高
• 技术（0-15 分）：换手越高分越高

══════════════════════════════════
📋 五、操作建议
══════════════════════════════════

🟡 策略：震荡操作
• 仓位：40-60%
• 方向：高抛低吸
• 关注：成交量变化
• 选股：低估值 + 技术突破

⚠️ 风险提示
• 不要追高杀跌
• 设置止损位（-5% 到 -8%）
• 分散投资，不要重仓单只股票
• 关注晚间消息面
• 以上股票仅供参考，不构成投资建议

══════════════════════════════════
⚠️ 免责声明：本报告仅供参考，不构成投资建议。股市有风险，投资需谨慎。
══════════════════════════════════


✅ 推送成功
