/bin/sh: node: command not found
🔍 获取大盘数据（妙想 mx-data）...
✅ 上证指数(000001.SH): 4027.21 (0.01%)
✅ 深证成指(399001.SZ): 14498.45 (-0.97%)
✅ 创业板指(399006.SZ): 3514.96 (-1.22%)
✅ 科创50(000688.SH): 1422.23 (1.13%)
🔍 自动筛选潜力股（mx-data + 自动评分）...
🔍 获取热门板块股票数据（mx-data）...
   ✅ 半导体: 获取 0 只
   ✅ 新能源: 获取 0 只
   ✅ 人工智能: 获取 0 只
   ✅ 医药: 获取 0 只
   ✅ 消费: 获取 0 只
   ✅ 金融: 获取 0 只
✅ 分析完成：0 只股票，推荐前 8 只
📊 分析市场情绪...
📊 分析趋势...

━━━━━━━━━━━━━━━━━━━━━━━━━━━━━━
📊 A 股大盘分析报告
━━━━━━━━━━━━━━━━━━━━━━━━━━━━━━
📅 2026-04-17 周五，更新：09:30
ℹ️ 数据来源：东方财富妙想金融数据 API | 不构成投资建议 | 股市有风险，入市需谨慎

══════════════════════════════════
📈 一、市场情绪
══════════════════════════════════

🟡 市场情绪：[object Object]
多头比例：50.0% (2:2)

══════════════════════════════════
📊 二、大盘指数（妙想 mx-data）
══════════════════════════════════

🔵 上证指数 (000001)
├─ 收盘：4,027.21 点
├─ 涨跌：+0.01%
├─ 趋势：偏强
└─ 评分：🟡 震荡

🟡 深证成指 (399001)
├─ 收盘：14,498.45 点
└─ 涨跌：-0.97%

🟢 创业板指 (399006)
├─ 收盘：3,514.96 点
└─ 涨跌：-1.22%

🔴 科创 50 (000688)
├─ 收盘：1,422.23 点
└─ 涨跌：+1.13%

══════════════════════════════════
💡 三、潜力股推荐（自动分析）
══════════════════════════════════

🏆 综合评分前 8 只潜力股：

⚠️ 暂无数据（可能已收盘或 API 限制）

💡 选股逻辑（自动分析）：
• 估值：PE 越低分越高（0-30 分）
• 涨幅：涨越多分越高（0-20 分）
• 量能：量比越高分越高（0-20 分）
• 市值：大盘股更稳（0-15 分）
• 活跃度：换手越高分越高（0-15 分）

══════════════════════════════════
📋 四、操作建议
══════════════════════════════════

🟡 策略：震荡操作
• 仓位：40-60%
• 方向：高抛低吸
• 关注：成交量变化
• 选股：低估值 + 技术突破

⚠️ 风险提示
• 不要追高杀跌
• 设置止损位（-5% 到 -8%）
• 分散投资，不要重仓单只股票
• 关注晚间消息面
• 以上股票仅供参考，不构成投资建议

══════════════════════════════════
⚠️ 免责声明：本报告仅供参考，不构成投资建议。股市有风险，投资需谨慎。
══════════════════════════════════


✅ 推送成功
