/bin/sh: node: command not found
/bin/sh: node: command not found
/bin/sh: node: command not found
/bin/sh: node: command not found
/bin/sh: node: command not found
/bin/sh: node: command not found
/bin/sh: node: command not found
🔍 获取 Binance 数据...
❌ 错误: connect ECONNREFUSED 47.88.58.234:443
🔍 获取 Binance 数据...
❌ 错误: read ECONNRESET
[2026/4/9 08:16:25] 🚀 BTC 推送脚本启动
[2026/4/9 08:16:25] 🔍 获取 OKX BTC 价格...
[2026/4/9 08:16:30] ❌ 错误：请求超时
[2026/4/9 08:16:31] ✅ 推送成功
[2026/4/9 08:16:31] 📝 脚本执行完成
🔍 获取 Binance 数据...
❌ 错误: read ECONNRESET
🔍 获取 Binance 数据...
🔄 开始尝试获取市场数据...
🎯 尝试数据源 #1: Binance
🔍 [Binance] 请求：https://api.binance.com/api/v3/ticker/24hr?symbol=BTCUSDT
✅ [Binance] 响应成功
🔍 [Binance] 请求：https://api.binance.com/api/v3/depth?symbol=BTCUSDT&limit=20
✅ [Binance] 响应成功
🔍 [Binance] 请求：https://api.binance.com/api/v3/klines?symbol=BTCUSDT&interval=15m&limit=100
✅ [Binance] 响应成功
🔍 [Binance] 请求：https://api.binance.com/api/v3/klines?symbol=BTCUSDT&interval=1h&limit=100
✅ [Binance] 响应成功
🔍 [Binance] 请求：https://api.binance.com/api/v3/klines?symbol=BTCUSDT&interval=4h&limit=100
✅ [Binance] 响应成功
🔍 [Binance] 请求：https://api.binance.com/api/v3/klines?symbol=BTCUSDT&interval=1d&limit=100
✅ [Binance] 响应成功
✅ 成功使用数据源：Binance
📊 生成详细分析卡片...
━━━━━━━━━━━━━━━━━━━━━━━━━━━━━━
📊 BTC 比特币深度分析报告
━━━━━━━━━━━━━━━━━━━━━━━━━━━━━━
📅 2026-04-09 Thursday，更新：10:00
ℹ️ 数据来源：Binance API | 不构成投资建议 | 注意风险管理

══════════════════════════════════
📈 一、市场行情概览
══════════════════════════════════

💰 价格数据
├─ 当前价：$70,928.90
├─ 24h 涨跌：-0.78% 🔴
├─ 24h 高：$72,857.00
├─ 24h 低：$70,466.00
└─ 波动区间：$2,391.00 (3.39%)

📊 市场数据
├─ 24h 成交量：$1.37B
├─ 总市值：$1.40T
└─ 订单簿情绪：多头占优 🟢

══════════════════════════════════
🎯 二、综合研判
══════════════════════════════════

🟢 偏多 - 短线强势

综合评分：+2 / 12
置信度：中高

核心逻辑：
• MACD 持续放量，动能充足
• 日线级别仍有上行空间

══════════════════════════════════
📊 三、多周期技术分析
══════════════════════════════════

15 分钟线 (超短线)
├─ 趋势：偏跌
├─ RSI: 39
├─ MACD: 空头
├─ EMA: 9($70,881.40) > 20($71,014.13) 
└─ 波动率：0.29%

1 小时线 (短线)
├─ 趋势：下跌
├─ RSI: 37
├─ MACD: 空头
├─ EMA: 9($71,115.52) > 20($71,141.64) 
└─ 波动率：0.75%

4 小时线 (中线)
├─ 趋势：强上涨
├─ RSI: 58
├─ MACD: 多头
├─ EMA: 9($70,836.46) | 20($70,015.79) | 50($69,002.75)
└─ 波动率：1.67%

日线 (长线)
├─ 趋势：上涨
├─ RSI: 58
├─ MACD: 空头
└─ 波动率：3.13%

══════════════════════════════════
📐 四、关键价位系统
══════════════════════════════════

枢轴点 (4H)
├─ R3 (强阻力): $71,896.31
├─ R2 (阻力): $71,515.01
├─ R1 (弱阻力): $71,228.60
├─ Pivot (中枢): $70,847.30
├─ S1 (弱支撑): $70,560.89
├─ S2 (支撑): $70,179.59
└─ S3 (强支撑): $69,893.18

斐波那契回撤 (4H)
├─ 0% (高点): $71,924.22
├─ 23.6%: $70,528.68
├─ 38.2%: $69,665.34 ← 浅回调
├─ 50%: $68,967.58 ← 中位
├─ 61.8%: $68,269.81 ← 黄金分割
├─ 78.6%: $67,276.37
└─ 100% (低点): $66,010.93

══════════════════════════════════
💡 五、实操策略建议
══════════════════════════════════

📋 短线交易 (4H)
├─ 方向：逢低做多
├─ 入场 (多): $70,631.45
├─ 入场 (空): $71,157.37
├─ 止损：$69,828.69
├─ 目标 1: $71,228.60
├─ 目标 2: $71,515.01
└─ 盈亏比：1:1.75

📋 中线交易 (1D)
├─ 方向：持有多头
├─ 关键支撑：$70,179.59
├─ 关键阻力：$71,515.01
└─ 仓位：40-60%

⚠️ 风险警示
├─ 波动率：1.67% ✅ 正常
├─ RSI 超买：✅ 否
└─ 仓位上限：建议单笔不超过总资金的 5-10%

══════════════════════════════════
📝 六、情景推演
══════════════════════════════════

🟢 看涨情景 (概率：45%)
├─ 触发：站稳 $70,847.30 上方
├─ 目标：R1 $71,228.60 → R2 $71,515.01 → R3 $71,896.31
└─ 失效：跌破 $70,560.89

🔴 看跌情景 (概率：25%)
├─ 触发：跌破 $70,560.89
├─ 目标：S1 $70,560.89 → S2 $70,179.59 → S3 $69,893.18
└─ 失效：站回 $70,847.30 上方

⚪ 震荡情景 (概率：30%)
├─ 区间：$70,179.59 - $71,515.01
└─ 策略：区间内低多高空，突破后跟随

══════════════════════════════════
⚠️ 免责声明：本报告不构成投资建议，加密货币市场风险极高，请独立判断、谨慎决策
══════════════════════════════════
📱 发送第 1/1 段...
✅ 完成 1 段推送

✅ 推送成功
🔍 获取 Binance 数据...
🔄 开始尝试获取市场数据...
🎯 尝试数据源 #1: Binance
🔍 [Binance] 请求：https://api.binance.com/api/v3/ticker/24hr?symbol=BTCUSDT
✅ [Binance] 响应成功
🔍 [Binance] 请求：https://api.binance.com/api/v3/depth?symbol=BTCUSDT&limit=20
✅ [Binance] 响应成功
🔍 [Binance] 请求：https://api.binance.com/api/v3/klines?symbol=BTCUSDT&interval=15m&limit=100
✅ [Binance] 响应成功
🔍 [Binance] 请求：https://api.binance.com/api/v3/klines?symbol=BTCUSDT&interval=1h&limit=100
✅ [Binance] 响应成功
🔍 [Binance] 请求：https://api.binance.com/api/v3/klines?symbol=BTCUSDT&interval=4h&limit=100
✅ [Binance] 响应成功
🔍 [Binance] 请求：https://api.binance.com/api/v3/klines?symbol=BTCUSDT&interval=1d&limit=100
✅ [Binance] 响应成功
✅ 成功使用数据源：Binance
📊 生成详细分析卡片...
━━━━━━━━━━━━━━━━━━━━━━━━━━━━━━
📊 BTC 比特币深度分析报告
━━━━━━━━━━━━━━━━━━━━━━━━━━━━━━
📅 2026-04-09 Thursday，更新：11:00
ℹ️ 数据来源：Binance API | 不构成投资建议 | 注意风险管理

══════════════════════════════════
📈 一、市场行情概览
══════════════════════════════════

💰 价格数据
├─ 当前价：$71,060.65
├─ 24h 涨跌：-0.43% 🔴
├─ 24h 高：$72,857.00
├─ 24h 低：$70,466.00
└─ 波动区间：$2,391.00 (3.39%)

📊 市场数据
├─ 24h 成交量：$1.34B
├─ 总市值：$1.40T
└─ 订单簿情绪：空头占优 🔴

══════════════════════════════════
🎯 二、综合研判
══════════════════════════════════

🟢🟢 强烈做多 - 多周期共振

综合评分：+4 / 12
置信度：中高

核心逻辑：
• 多周期均线多头排列，趋势强劲
• MACD 持续放量，动能充足
• 日线级别仍有上行空间

══════════════════════════════════
📊 三、多周期技术分析
══════════════════════════════════

15 分钟线 (超短线)
├─ 趋势：偏涨
├─ RSI: 49
├─ MACD: 空头
├─ EMA: 9($70,971.68) > 20($71,018.12) 
└─ 波动率：0.28%

1 小时线 (短线)
├─ 趋势：下跌
├─ RSI: 43
├─ MACD: 空头
├─ EMA: 9($71,121.42) > 20($71,143.02) 
└─ 波动率：0.65%

4 小时线 (中线)
├─ 趋势：强上涨
├─ RSI: 59
├─ MACD: 多头
├─ EMA: 9($70,859.20) | 20($70,026.62) | 50($69,007.21)
└─ 波动率：1.67%

日线 (长线)
├─ 趋势：上涨
├─ RSI: 59
├─ MACD: 空头
└─ 波动率：3.13%

══════════════════════════════════
📐 四、关键价位系统
══════════════════════════════════

枢轴点 (4H)
├─ R3 (强阻力): $72,080.60
├─ R2 (阻力): $71,639.70
├─ R1 (弱阻力): $71,347.80
├─ Pivot (中枢): $70,906.90
├─ S1 (弱支撑): $70,615.00
├─ S2 (支撑): $70,174.10
└─ S3 (强支撑): $69,882.20

斐波那契回撤 (4H)
├─ 0% (高点): $71,924.22
├─ 23.6%: $70,528.68
├─ 38.2%: $69,665.34 ← 浅回调
├─ 50%: $68,967.58 ← 中位
├─ 61.8%: $68,269.81 ← 黄金分割
├─ 78.6%: $67,276.37
└─ 100% (低点): $66,010.93

══════════════════════════════════
💡 五、实操策略建议
══════════════════════════════════

📋 短线交易 (4H)
├─ 方向：逢低做多
├─ 入场 (多): $70,685.61
├─ 入场 (空): $71,276.45
├─ 止损：$69,823.23
├─ 目标 1: $71,347.80
├─ 目标 2: $71,639.70
└─ 盈亏比：1:1.66

📋 中线交易 (1D)
├─ 方向：持有多头
├─ 关键支撑：$70,174.10
├─ 关键阻力：$71,639.70
└─ 仓位：60-80%

⚠️ 风险警示
├─ 波动率：1.67% ✅ 正常
├─ RSI 超买：✅ 否
└─ 仓位上限：建议单笔不超过总资金的 5-10%

══════════════════════════════════
📝 六、情景推演
══════════════════════════════════

🟢 看涨情景 (概率：60%)
├─ 触发：站稳 $70,906.90 上方
├─ 目标：R1 $71,347.80 → R2 $71,639.70 → R3 $72,080.60
└─ 失效：跌破 $70,615.00

🔴 看跌情景 (概率：25%)
├─ 触发：跌破 $70,615.00
├─ 目标：S1 $70,615.00 → S2 $70,174.10 → S3 $69,882.20
└─ 失效：站回 $70,906.90 上方

⚪ 震荡情景 (概率：15%)
├─ 区间：$70,174.10 - $71,639.70
└─ 策略：区间内低多高空，突破后跟随

══════════════════════════════════
⚠️ 免责声明：本报告不构成投资建议，加密货币市场风险极高，请独立判断、谨慎决策
══════════════════════════════════
📱 发送第 1/1 段...
✅ 完成 1 段推送

✅ 推送成功
🔍 获取 Binance 数据...
🔄 开始尝试获取市场数据...
🎯 尝试数据源 #1: Binance
🔍 [Binance] 请求：https://api.binance.com/api/v3/ticker/24hr?symbol=BTCUSDT
✅ [Binance] 响应成功
🔍 [Binance] 请求：https://api.binance.com/api/v3/depth?symbol=BTCUSDT&limit=20
✅ [Binance] 响应成功
🔍 [Binance] 请求：https://api.binance.com/api/v3/klines?symbol=BTCUSDT&interval=15m&limit=100
✅ [Binance] 响应成功
🔍 [Binance] 请求：https://api.binance.com/api/v3/klines?symbol=BTCUSDT&interval=1h&limit=100
✅ [Binance] 响应成功
🔍 [Binance] 请求：https://api.binance.com/api/v3/klines?symbol=BTCUSDT&interval=4h&limit=100
✅ [Binance] 响应成功
🔍 [Binance] 请求：https://api.binance.com/api/v3/klines?symbol=BTCUSDT&interval=1d&limit=100
✅ [Binance] 响应成功
✅ 成功使用数据源：Binance
📊 生成详细分析卡片...
━━━━━━━━━━━━━━━━━━━━━━━━━━━━━━
📊 BTC 比特币深度分析报告
━━━━━━━━━━━━━━━━━━━━━━━━━━━━━━
📅 2026-04-09 Thursday，更新：12:00
ℹ️ 数据来源：Binance API | 不构成投资建议 | 注意风险管理

══════════════════════════════════
📈 一、市场行情概览
══════════════════════════════════

💰 价格数据
├─ 当前价：$70,990.36
├─ 24h 涨跌：-0.42% 🔴
├─ 24h 高：$72,857.00
├─ 24h 低：$70,466.00
└─ 波动区间：$2,391.00 (3.39%)

📊 市场数据
├─ 24h 成交量：$1.36B
├─ 总市值：$1.40T
└─ 订单簿情绪：空头占优 🔴

══════════════════════════════════
🎯 二、综合研判
══════════════════════════════════

🟢🟢 强烈做多 - 多周期共振

综合评分：+4 / 12
置信度：中高

核心逻辑：
• 多周期均线多头排列，趋势强劲
• MACD 持续放量，动能充足
• 日线级别仍有上行空间

══════════════════════════════════
📊 三、多周期技术分析
══════════════════════════════════

15 分钟线 (超短线)
├─ 趋势：偏涨
├─ RSI: 59
├─ MACD: 空头
├─ EMA: 9($70,959.72) > 20($70,993.04) 
└─ 波动率：0.29%

1 小时线 (短线)
├─ 趋势：下跌
├─ RSI: 51
├─ MACD: 空头
├─ EMA: 9($71,085.21) > 20($71,123.03) 
└─ 波动率：0.57%

4 小时线 (中线)
├─ 趋势：强上涨
├─ RSI: 67
├─ MACD: 多头
├─ EMA: 9($70,876.00) | 20($70,113.31) | 50($69,078.21)
└─ 波动率：1.51%

日线 (长线)
├─ 趋势：上涨
├─ RSI: 59
├─ MACD: 空头
└─ 波动率：3.13%

══════════════════════════════════
📐 四、关键价位系统
══════════════════════════════════

枢轴点 (4H)
├─ R3 (强阻力): $71,007.40
├─ R2 (阻力): $71,003.26
├─ R1 (弱阻力): $70,998.64
├─ Pivot (中枢): $70,994.50
├─ S1 (弱支撑): $70,989.88
├─ S2 (支撑): $70,985.74
└─ S3 (强支撑): $70,981.12

斐波那契回撤 (4H)
├─ 0% (高点): $71,924.22
├─ 23.6%: $70,528.68
├─ 38.2%: $69,665.34 ← 浅回调
├─ 50%: $68,967.58 ← 中位
├─ 61.8%: $68,269.81 ← 黄金分割
├─ 78.6%: $67,276.37
└─ 100% (低点): $66,010.93

══════════════════════════════════
💡 五、实操策略建议
══════════════════════════════════

📋 短线交易 (4H)
├─ 方向：逢低做多
├─ 入场 (多): $71,060.87
├─ 入场 (空): $70,927.64
├─ 止损：$70,630.81
├─ 目标 1: $70,998.64
├─ 目标 2: $71,003.26
└─ 盈亏比：1:2.12

📋 中线交易 (1D)
├─ 方向：持有多头
├─ 关键支撑：$70,153.47
├─ 关键阻力：$71,619.07
└─ 仓位：60-80%

⚠️ 风险警示
├─ 波动率：1.51% ✅ 正常
├─ RSI 超买：✅ 否
└─ 仓位上限：建议单笔不超过总资金的 5-10%

══════════════════════════════════
📝 六、情景推演
══════════════════════════════════

🟢 看涨情景 (概率：60%)
├─ 触发：站稳 $70,994.50 上方
├─ 目标：R1 $70,998.64 → R2 $71,003.26 → R3 $71,007.40
└─ 失效：跌破 $70,989.88

🔴 看跌情景 (概率：25%)
├─ 触发：跌破 $70,989.88
├─ 目标：S1 $70,989.88 → S2 $70,985.74 → S3 $70,981.12
└─ 失效：站回 $70,994.50 上方

⚪ 震荡情景 (概率：15%)
├─ 区间：$70,985.74 - $71,003.26
└─ 策略：区间内低多高空，突破后跟随

══════════════════════════════════
⚠️ 免责声明：本报告不构成投资建议，加密货币市场风险极高，请独立判断、谨慎决策
══════════════════════════════════
📱 发送第 1/1 段...
node:events:485
      throw er; // Unhandled 'error' event
      ^

Error: spawn openclaw ENOENT
    at ChildProcess._handle.onexit (node:internal/child_process:286:19)
    at onErrorNT (node:internal/child_process:484:16)
    at process.processTicksAndRejections (node:internal/process/task_queues:90:21)
Emitted 'error' event on ChildProcess instance at:
    at ChildProcess._handle.onexit (node:internal/child_process:292:12)
    at onErrorNT (node:internal/child_process:484:16)
    at process.processTicksAndRejections (node:internal/process/task_queues:90:21) {
  errno: -2,
  code: 'ENOENT',
  syscall: 'spawn openclaw',
  path: 'openclaw',
  spawnargs: [
    'message',
    'send',
    '-t',
    'o9cq80-VOQWTsN3h5bn6gyR2IdY4@im.wechat',
    '--channel',
    'openclaw-weixin',
    '--account',
    'ec25a54ce939-im-bot',
    '-m',
    '━━━━━━━━━━━━━━━━━━━━━━━━━━━━━━\n' +
      '📊 BTC 比特币深度分析报告\n' +
      '━━━━━━━━━━━━━━━━━━━━━━━━━━━━━━\n' +
      '📅 2026-04-09 Thursday，更新：12:00\n' +
      'ℹ️ 数据来源：Binance API | 不构成投资建议 | 注意风险管理\n' +
      '\n' +
      '══════════════════════════════════\n' +
      '📈 一、市场行情概览\n' +
      '══════════════════════════════════\n' +
      '\n' +
      '💰 价格数据\n' +
      '├─ 当前价：$70,990.36\n' +
      '├─ 24h 涨跌：-0.42% 🔴\n' +
      '├─ 24h 高：$72,857.00\n' +
      '├─ 24h 低：$70,466.00\n' +
      '└─ 波动区间：$2,391.00 (3.39%)\n' +
      '\n' +
      '📊 市场数据\n' +
      '├─ 24h 成交量：$1.36B\n' +
      '├─ 总市值：$1.40T\n' +
      '└─ 订单簿情绪：空头占优 🔴\n' +
      '\n' +
      '══════════════════════════════════\n' +
      '🎯 二、综合研判\n' +
      '══════════════════════════════════\n' +
      '\n' +
      '🟢🟢 强烈做多 - 多周期共振\n' +
      '\n' +
      '综合评分：+4 / 12\n' +
      '置信度：中高\n' +
      '\n' +
      '核心逻辑：\n' +
      '• 多周期均线多头排列，趋势强劲\n' +
      '• MACD 持续放量，动能充足\n' +
      '• 日线级别仍有上行空间\n' +
      '\n' +
      '══════════════════════════════════\n' +
      '📊 三、多周期技术分析\n' +
      '══════════════════════════════════\n' +
      '\n' +
      '15 分钟线 (超短线)\n' +
      '├─ 趋势：偏涨\n' +
      '├─ RSI: 59\n' +
      '├─ MACD: 空头\n' +
      '├─ EMA: 9($70,959.72) > 20($70,993.04) \n' +
      '└─ 波动率：0.29%\n' +
      '\n' +
      '1 小时线 (短线)\n' +
      '├─ 趋势：下跌\n' +
      '├─ RSI: 51\n' +
      '├─ MACD: 空头\n' +
      '├─ EMA: 9($71,085.21) > 20($71,123.03) \n' +
      '└─ 波动率：0.57%\n' +
      '\n' +
      '4 小时线 (中线)\n' +
      '├─ 趋势：强上涨\n' +
      '├─ RSI: 67\n' +
      '├─ MACD: 多头\n' +
      '├─ EMA: 9($70,876.00) | 20($70,113.31) | 50($69,078.21)\n' +
      '└─ 波动率：1.51%\n' +
      '\n' +
      '日线 (长线)\n' +
      '├─ 趋势：上涨\n' +
      '├─ RSI: 59\n' +
      '├─ MACD: 空头\n' +
      '└─ 波动率：3.13%\n' +
      '\n' +
      '══════════════════════════════════\n' +
      '📐 四、关键价位系统\n' +
      '══════════════════════════════════\n' +
      '\n' +
      '枢轴点 (4H)\n' +
      '├─ R3 (强阻力): $71,007.40\n' +
      '├─ R2 (阻力): $71,003.26\n' +
      '├─ R1 (弱阻力): $70,998.64\n' +
      '├─ Pivot (中枢): $70,994.50\n' +
      '├─ S1 (弱支撑): $70,989.88\n' +
      '├─ S2 (支撑): $70,985.74\n' +
      '└─ S3 (强支撑): $70,981.12\n' +
      '\n' +
      '斐波那契回撤 (4H)\n' +
      '├─ 0% (高点): $71,924.22\n' +
      '├─ 23.6%: $70,528.68\n' +
      '├─ 38.2%: $69,665.34 ← 浅回调\n' +
      '├─ 50%: $68,967.58 ← 中位\n' +
      '├─ 61.8%: $68,269.81 ← 黄金分割\n' +
      '├─ 78.6%: $67,276.37\n' +
      '└─ 100% (低点): $66,010.93\n' +
      '\n' +
      '══════════════════════════════════\n' +
      '💡 五、实操策略建议\n' +
      '══════════════════════════════════\n' +
      '\n' +
      '📋 短线交易 (4H)\n' +
      '├─ 方向：逢低做多\n' +
      '├─ 入场 (多): $71,060.87\n' +
      '├─ 入场 (空): $70,927.64\n' +
      '├─ 止损：$70,630.81\n' +
      '├─ 目标 1: $70,998.64\n' +
      '├─ 目标 2: $71,003.26\n' +
      '└─ 盈亏比：1:2.12\n' +
      '\n' +
      '📋 中线交易 (1D)\n' +
      '├─ 方向：持有多头\n' +
      '├─ 关键支撑：$70,153.47\n' +
      '├─ 关键阻力：$71,619.07\n' +
      '└─ 仓位：60-80%\n' +
      '\n' +
      '⚠️ 风险警示\n' +
      '├─ 波动率：1.51% ✅ 正常\n' +
      '├─ RSI 超买：✅ 否\n' +
      '└─ 仓位上限：建议单笔不超过总资金的 5-10%\n' +
      '\n' +
      '══════════════════════════════════\n' +
      '📝 六、情景推演\n' +
      '══════════════════════════════════\n' +
      '\n' +
      '🟢 看涨情景 (概率：60%)\n' +
      '├─ 触发：站稳 $70,994.50 上方\n' +
      '├─ 目标：R1 $70,998.64 → R2 $71,003.26 → R3 $71,007.40\n' +
      '└─ 失效：跌破 $70,989.88\n' +
      '\n' +
      '🔴 看跌情景 (概率：25%)\n' +
      '├─ 触发：跌破 $70,989.88\n' +
      '├─ 目标：S1 $70,989.88 → S2 $70,985.74 → S3 $70,981.12\n' +
      '└─ 失效：站回 $70,994.50 上方\n' +
      '\n' +
      '⚪ 震荡情景 (概率：15%)\n' +
      '├─ 区间：$70,985.74 - $71,003.26\n' +
      '└─ 策略：区间内低多高空，突破后跟随\n' +
      '\n' +
      '══════════════════════════════════\n' +
      '⚠️ 免责声明：本报告不构成投资建议，加密货币市场风险极高，请独立判断、谨慎决策\n' +
      '══════════════════════════════════'
  ]
}

Node.js v24.4.1
🔍 获取 Binance 数据...
🔄 开始尝试获取市场数据...
🎯 尝试数据源 #1: Binance
🔍 [Binance] 请求：https://api.binance.com/api/v3/ticker/24hr?symbol=BTCUSDT
✅ [Binance] 响应成功
🔍 [Binance] 请求：https://api.binance.com/api/v3/depth?symbol=BTCUSDT&limit=20
✅ [Binance] 响应成功
🔍 [Binance] 请求：https://api.binance.com/api/v3/klines?symbol=BTCUSDT&interval=15m&limit=100
✅ [Binance] 响应成功
🔍 [Binance] 请求：https://api.binance.com/api/v3/klines?symbol=BTCUSDT&interval=1h&limit=100
✅ [Binance] 响应成功
🔍 [Binance] 请求：https://api.binance.com/api/v3/klines?symbol=BTCUSDT&interval=4h&limit=100
✅ [Binance] 响应成功
🔍 [Binance] 请求：https://api.binance.com/api/v3/klines?symbol=BTCUSDT&interval=1d&limit=100
✅ [Binance] 响应成功
✅ 成功使用数据源：Binance
📊 生成详细分析卡片...
━━━━━━━━━━━━━━━━━━━━━━━━━━━━━━
📊 BTC 比特币深度分析报告
━━━━━━━━━━━━━━━━━━━━━━━━━━━━━━
📅 2026-04-09 Thursday，更新：13:00
ℹ️ 数据来源：Binance API | 不构成投资建议 | 注意风险管理

══════════════════════════════════
📈 一、市场行情概览
══════════════════════════════════

💰 价格数据
├─ 当前价：$70,774.41
├─ 24h 涨跌：-1.13% 🔴
├─ 24h 高：$72,857.00
├─ 24h 低：$70,466.00
└─ 波动区间：$2,391.00 (3.39%)

📊 市场数据
├─ 24h 成交量：$1.33B
├─ 总市值：$1.40T
└─ 订单簿情绪：空头占优 🔴

══════════════════════════════════
🎯 二、综合研判
══════════════════════════════════

🔴 偏空 - 短线弱势

综合评分：-2 / 12
置信度：中高

核心逻辑：
• MACD 持续放量，动能充足
• 日线级别仍有上行空间

══════════════════════════════════
📊 三、多周期技术分析
══════════════════════════════════

15 分钟线 (超短线)
├─ 趋势：强下跌
├─ RSI: 50
├─ MACD: 多头
├─ EMA: 9($70,861.43) > 20($70,927.11) 
└─ 波动率：0.23%

1 小时线 (短线)
├─ 趋势：下跌
├─ RSI: 41
├─ MACD: 空头
├─ EMA: 9($70,987.21) > 20($71,070.64) 
└─ 波动率：0.55%

4 小时线 (中线)
├─ 趋势：偏涨
├─ RSI: 65
├─ MACD: 多头
├─ EMA: 9($70,830.17) | 20($70,091.48) | 50($69,069.22)
└─ 波动率：1.54%

日线 (长线)
├─ 趋势：上涨
├─ RSI: 57
├─ MACD: 空头
└─ 波动率：3.14%

══════════════════════════════════
📐 四、关键价位系统
══════════════════════════════════

枢轴点 (4H)
├─ R3 (强阻力): $71,207.08
├─ R2 (阻力): $71,106.60
├─ R1 (弱阻力): $70,935.72
├─ Pivot (中枢): $70,835.24
├─ S1 (弱支撑): $70,664.36
├─ S2 (支撑): $70,563.88
└─ S3 (强支撑): $70,393.00

斐波那契回撤 (4H)
├─ 0% (高点): $71,924.22
├─ 23.6%: $70,528.68
├─ 38.2%: $69,665.34 ← 浅回调
├─ 50%: $68,967.58 ← 中位
├─ 61.8%: $68,269.81 ← 黄金分割
├─ 78.6%: $67,276.37
└─ 100% (低点): $66,010.93

══════════════════════════════════
💡 五、实操策略建议
══════════════════════════════════

📋 短线交易 (4H)
├─ 方向：逢高做空
├─ 入场 (多): $70,735.02
├─ 入场 (空): $70,864.78
├─ 止损：$70,211.06
├─ 目标 1: $70,935.72
├─ 目标 2: $71,106.60
└─ 盈亏比：1:2.70

📋 中线交易 (1D)
├─ 方向：持有多头
├─ 关键支撑：$70,077.08
├─ 关键阻力：$71,542.68
└─ 仓位：40-60% 空

⚠️ 风险警示
├─ 波动率：1.54% ✅ 正常
├─ RSI 超买：✅ 否
└─ 仓位上限：建议单笔不超过总资金的 5-10%

══════════════════════════════════
📝 六、情景推演
══════════════════════════════════

🟢 看涨情景 (概率：25%)
├─ 触发：站稳 $70,835.24 上方
├─ 目标：R1 $70,935.72 → R2 $71,106.60 → R3 $71,207.08
└─ 失效：跌破 $70,664.36

🔴 看跌情景 (概率：45%)
├─ 触发：跌破 $70,664.36
├─ 目标：S1 $70,664.36 → S2 $70,563.88 → S3 $70,393.00
└─ 失效：站回 $70,835.24 上方

⚪ 震荡情景 (概率：30%)
├─ 区间：$70,563.88 - $71,106.60
└─ 策略：区间内低多高空，突破后跟随

══════════════════════════════════
⚠️ 免责声明：本报告不构成投资建议，加密货币市场风险极高，请独立判断、谨慎决策
══════════════════════════════════
📱 发送第 1/1 段...
node:events:485
      throw er; // Unhandled 'error' event
      ^

Error: spawn openclaw ENOENT
    at ChildProcess._handle.onexit (node:internal/child_process:286:19)
    at onErrorNT (node:internal/child_process:484:16)
    at process.processTicksAndRejections (node:internal/process/task_queues:90:21)
Emitted 'error' event on ChildProcess instance at:
    at ChildProcess._handle.onexit (node:internal/child_process:292:12)
    at onErrorNT (node:internal/child_process:484:16)
    at process.processTicksAndRejections (node:internal/process/task_queues:90:21) {
  errno: -2,
  code: 'ENOENT',
  syscall: 'spawn openclaw',
  path: 'openclaw',
  spawnargs: [
    'message',
    'send',
    '-t',
    'o9cq80-VOQWTsN3h5bn6gyR2IdY4@im.wechat',
    '--channel',
    'openclaw-weixin',
    '--account',
    'ec25a54ce939-im-bot',
    '-m',
    '━━━━━━━━━━━━━━━━━━━━━━━━━━━━━━\n' +
      '📊 BTC 比特币深度分析报告\n' +
      '━━━━━━━━━━━━━━━━━━━━━━━━━━━━━━\n' +
      '📅 2026-04-09 Thursday，更新：13:00\n' +
      'ℹ️ 数据来源：Binance API | 不构成投资建议 | 注意风险管理\n' +
      '\n' +
      '══════════════════════════════════\n' +
      '📈 一、市场行情概览\n' +
      '══════════════════════════════════\n' +
      '\n' +
      '💰 价格数据\n' +
      '├─ 当前价：$70,774.41\n' +
      '├─ 24h 涨跌：-1.13% 🔴\n' +
      '├─ 24h 高：$72,857.00\n' +
      '├─ 24h 低：$70,466.00\n' +
      '└─ 波动区间：$2,391.00 (3.39%)\n' +
      '\n' +
      '📊 市场数据\n' +
      '├─ 24h 成交量：$1.33B\n' +
      '├─ 总市值：$1.40T\n' +
      '└─ 订单簿情绪：空头占优 🔴\n' +
      '\n' +
      '══════════════════════════════════\n' +
      '🎯 二、综合研判\n' +
      '══════════════════════════════════\n' +
      '\n' +
      '🔴 偏空 - 短线弱势\n' +
      '\n' +
      '综合评分：-2 / 12\n' +
      '置信度：中高\n' +
      '\n' +
      '核心逻辑：\n' +
      '• MACD 持续放量，动能充足\n' +
      '• 日线级别仍有上行空间\n' +
      '\n' +
      '══════════════════════════════════\n' +
      '📊 三、多周期技术分析\n' +
      '══════════════════════════════════\n' +
      '\n' +
      '15 分钟线 (超短线)\n' +
      '├─ 趋势：强下跌\n' +
      '├─ RSI: 50\n' +
      '├─ MACD: 多头\n' +
      '├─ EMA: 9($70,861.43) > 20($70,927.11) \n' +
      '└─ 波动率：0.23%\n' +
      '\n' +
      '1 小时线 (短线)\n' +
      '├─ 趋势：下跌\n' +
      '├─ RSI: 41\n' +
      '├─ MACD: 空头\n' +
      '├─ EMA: 9($70,987.21) > 20($71,070.64) \n' +
      '└─ 波动率：0.55%\n' +
      '\n' +
      '4 小时线 (中线)\n' +
      '├─ 趋势：偏涨\n' +
      '├─ RSI: 65\n' +
      '├─ MACD: 多头\n' +
      '├─ EMA: 9($70,830.17) | 20($70,091.48) | 50($69,069.22)\n' +
      '└─ 波动率：1.54%\n' +
      '\n' +
      '日线 (长线)\n' +
      '├─ 趋势：上涨\n' +
      '├─ RSI: 57\n' +
      '├─ MACD: 空头\n' +
      '└─ 波动率：3.14%\n' +
      '\n' +
      '══════════════════════════════════\n' +
      '📐 四、关键价位系统\n' +
      '══════════════════════════════════\n' +
      '\n' +
      '枢轴点 (4H)\n' +
      '├─ R3 (强阻力): $71,207.08\n' +
      '├─ R2 (阻力): $71,106.60\n' +
      '├─ R1 (弱阻力): $70,935.72\n' +
      '├─ Pivot (中枢): $70,835.24\n' +
      '├─ S1 (弱支撑): $70,664.36\n' +
      '├─ S2 (支撑): $70,563.88\n' +
      '└─ S3 (强支撑): $70,393.00\n' +
      '\n' +
      '斐波那契回撤 (4H)\n' +
      '├─ 0% (高点): $71,924.22\n' +
      '├─ 23.6%: $70,528.68\n' +
      '├─ 38.2%: $69,665.34 ← 浅回调\n' +
      '├─ 50%: $68,967.58 ← 中位\n' +
      '├─ 61.8%: $68,269.81 ← 黄金分割\n' +
      '├─ 78.6%: $67,276.37\n' +
      '└─ 100% (低点): $66,010.93\n' +
      '\n' +
      '══════════════════════════════════\n' +
      '💡 五、实操策略建议\n' +
      '══════════════════════════════════\n' +
      '\n' +
      '📋 短线交易 (4H)\n' +
      '├─ 方向：逢高做空\n' +
      '├─ 入场 (多): $70,735.02\n' +
      '├─ 入场 (空): $70,864.78\n' +
      '├─ 止损：$70,211.06\n' +
      '├─ 目标 1: $70,935.72\n' +
      '├─ 目标 2: $71,106.60\n' +
      '└─ 盈亏比：1:2.70\n' +
      '\n' +
      '📋 中线交易 (1D)\n' +
      '├─ 方向：持有多头\n' +
      '├─ 关键支撑：$70,077.08\n' +
      '├─ 关键阻力：$71,542.68\n' +
      '└─ 仓位：40-60% 空\n' +
      '\n' +
      '⚠️ 风险警示\n' +
      '├─ 波动率：1.54% ✅ 正常\n' +
      '├─ RSI 超买：✅ 否\n' +
      '└─ 仓位上限：建议单笔不超过总资金的 5-10%\n' +
      '\n' +
      '══════════════════════════════════\n' +
      '📝 六、情景推演\n' +
      '══════════════════════════════════\n' +
      '\n' +
      '🟢 看涨情景 (概率：25%)\n' +
      '├─ 触发：站稳 $70,835.24 上方\n' +
      '├─ 目标：R1 $70,935.72 → R2 $71,106.60 → R3 $71,207.08\n' +
      '└─ 失效：跌破 $70,664.36\n' +
      '\n' +
      '🔴 看跌情景 (概率：45%)\n' +
      '├─ 触发：跌破 $70,664.36\n' +
      '├─ 目标：S1 $70,664.36 → S2 $70,563.88 → S3 $70,393.00\n' +
      '└─ 失效：站回 $70,835.24 上方\n' +
      '\n' +
      '⚪ 震荡情景 (概率：30%)\n' +
      '├─ 区间：$70,563.88 - $71,106.60\n' +
      '└─ 策略：区间内低多高空，突破后跟随\n' +
      '\n' +
      '══════════════════════════════════\n' +
      '⚠️ 免责声明：本报告不构成投资建议，加密货币市场风险极高，请独立判断、谨慎决策\n' +
      '══════════════════════════════════'
  ]
}

Node.js v24.4.1
🔍 获取 Binance 数据...
🔄 开始尝试获取市场数据...
🎯 尝试数据源 #1: Binance
🔍 [Binance] 请求：https://api.binance.com/api/v3/ticker/24hr?symbol=BTCUSDT
✅ [Binance] 响应成功
🔍 [Binance] 请求：https://api.binance.com/api/v3/depth?symbol=BTCUSDT&limit=20
✅ [Binance] 响应成功
🔍 [Binance] 请求：https://api.binance.com/api/v3/klines?symbol=BTCUSDT&interval=15m&limit=100
✅ [Binance] 响应成功
🔍 [Binance] 请求：https://api.binance.com/api/v3/klines?symbol=BTCUSDT&interval=1h&limit=100
✅ [Binance] 响应成功
🔍 [Binance] 请求：https://api.binance.com/api/v3/klines?symbol=BTCUSDT&interval=4h&limit=100
✅ [Binance] 响应成功
🔍 [Binance] 请求：https://api.binance.com/api/v3/klines?symbol=BTCUSDT&interval=1d&limit=100
✅ [Binance] 响应成功
✅ 成功使用数据源：Binance
📊 生成详细分析卡片...
━━━━━━━━━━━━━━━━━━━━━━━━━━━━━━
📊 BTC 比特币深度分析报告
━━━━━━━━━━━━━━━━━━━━━━━━━━━━━━
📅 2026-04-09 Thursday，更新：14:00
ℹ️ 数据来源：Binance API | 不构成投资建议 | 注意风险管理

══════════════════════════════════
📈 一、市场行情概览
══════════════════════════════════

💰 价格数据
├─ 当前价：$70,997.71
├─ 24h 涨跌：-1.02% 🔴
├─ 24h 高：$72,857.00
├─ 24h 低：$70,466.00
└─ 波动区间：$2,391.00 (3.39%)

📊 市场数据
├─ 24h 成交量：$1.31B
├─ 总市值：$1.40T
└─ 订单簿情绪：多头占优 🟢

══════════════════════════════════
🎯 二、综合研判
══════════════════════════════════

🟢🟢 强烈做多 - 多周期共振

综合评分：+4 / 12
置信度：中高

核心逻辑：
• 多周期均线多头排列，趋势强劲
• MACD 持续放量，动能充足
• 日线级别仍有上行空间

══════════════════════════════════
📊 三、多周期技术分析
══════════════════════════════════

15 分钟线 (超短线)
├─ 趋势：偏涨
├─ RSI: 48
├─ MACD: 多头
├─ EMA: 9($70,955.24) > 20($70,959.73) 
└─ 波动率：0.20%

1 小时线 (短线)
├─ 趋势：下跌
├─ RSI: 40
├─ MACD: 空头
├─ EMA: 9($71,026.99) > 20($71,083.81) 
└─ 波动率：0.54%

4 小时线 (中线)
├─ 趋势：强上涨
├─ RSI: 67
├─ MACD: 多头
├─ EMA: 9($70,879.36) | 20($70,114.91) | 50($69,078.86)
└─ 波动率：1.55%

日线 (长线)
├─ 趋势：上涨
├─ RSI: 59
├─ MACD: 空头
└─ 波动率：3.13%

══════════════════════════════════
📐 四、关键价位系统
══════════════════════════════════

枢轴点 (4H)
├─ R3 (强阻力): $71,566.56
├─ R2 (阻力): $71,326.84
├─ R1 (弱阻力): $71,168.82
├─ Pivot (中枢): $70,929.10
├─ S1 (弱支撑): $70,771.08
├─ S2 (支撑): $70,531.36
└─ S3 (强支撑): $70,373.34

斐波那契回撤 (4H)
├─ 0% (高点): $71,924.22
├─ 23.6%: $70,528.68
├─ 38.2%: $69,665.34 ← 浅回调
├─ 50%: $68,967.58 ← 中位
├─ 61.8%: $68,269.81 ← 黄金分割
├─ 78.6%: $67,276.37
└─ 100% (低点): $66,010.93

══════════════════════════════════
💡 五、实操策略建议
══════════════════════════════════

📋 短线交易 (4H)
├─ 方向：逢低做多
├─ 入场 (多): $70,841.85
├─ 入场 (空): $71,097.65
├─ 止损：$70,178.70
├─ 目标 1: $71,168.82
├─ 目标 2: $71,326.84
└─ 盈亏比：1:1.66

📋 中线交易 (1D)
├─ 方向：持有多头
├─ 关键支撑：$70,159.06
├─ 关键阻力：$71,624.66
└─ 仓位：60-80%

⚠️ 风险警示
├─ 波动率：1.55% ✅ 正常
├─ RSI 超买：✅ 否
└─ 仓位上限：建议单笔不超过总资金的 5-10%

══════════════════════════════════
📝 六、情景推演
══════════════════════════════════

🟢 看涨情景 (概率：60%)
├─ 触发：站稳 $70,929.10 上方
├─ 目标：R1 $71,168.82 → R2 $71,326.84 → R3 $71,566.56
└─ 失效：跌破 $70,771.08

🔴 看跌情景 (概率：25%)
├─ 触发：跌破 $70,771.08
├─ 目标：S1 $70,771.08 → S2 $70,531.36 → S3 $70,373.34
└─ 失效：站回 $70,929.10 上方

⚪ 震荡情景 (概率：15%)
├─ 区间：$70,531.36 - $71,326.84
└─ 策略：区间内低多高空，突破后跟随

══════════════════════════════════
⚠️ 免责声明：本报告不构成投资建议，加密货币市场风险极高，请独立判断、谨慎决策
══════════════════════════════════
📱 发送第 1/1 段...
❌ 错误: env: node: No such file or directory

