/Users/zhuxiaolei/Library/Python/3.9/lib/python/site-packages/urllib3/__init__.py:35: NotOpenSSLWarning: urllib3 v2 only supports OpenSSL 1.1.1+, currently the 'ssl' module is compiled with 'LibreSSL 2.8.3'. See: https://github.com/urllib3/urllib3/issues/3020
  warnings.warn(

⚠️ 风险提示
═══════════════════════════════════════════════════════════
本文仅为数据与逻辑分析，不构成任何投资建议。
股市有风险，入市需谨慎。
═══════════════════════════════════════════════════════════


📊📊📊📊📊📊📊📊📊📊📊📊📊📊📊📊📊📊📊📊📊📊📊📊📊📊📊📊📊📊
  A 股大盘及热点板块分析报告
  时间：2026-04-09 09:30:02
📊📊📊📊📊📊📊📊📊📊📊📊📊📊📊📊📊📊📊📊📊📊📊📊📊📊📊📊📊📊

📊 大盘指数分析
============================================================

上证指数 (sh000001)
  最新点位：3995.00 (+2.69%)
  MA5: 3926.62 📈
  MA20: 3969.84 📈
  趋势：多头

创业板指 (sz399006)
  最新点位：3347.61 (+5.91%)
  MA5: 3215.64 📈
  MA20: 3276.53 📈
  趋势：多头

沪深 300 (sh000300)
  最新点位：4595.56 (+3.49%)
  MA5: 4496.39 📈
  MA20: 4550.65 📈
  趋势：多头

🎭 市场情绪分析
============================================================

涨跌家数:
  上涨：N/A 家
  下跌：N/A 家

涨停分析:
  涨停家数：6 家
  连板高度：4 板

赚钱效应:
  评估：🔴 较差

🔥 热点板块分析
============================================================
❌ 板块数据获取失败：HTTPSConnectionPool(host='17.push2.eastmoney.com', port=443): Max retries exceeded with url: /api/qt/clist/get?pn=1&pz=100&po=1&np=1&ut=bd1d9ddb04089700cf9c27f6f7426281&fltt=2&invt=2&fid=f3&fs=m%3A90+t%3A2+f%3A%2150&fields=f1%2Cf2%2Cf3%2Cf4%2Cf5%2Cf6%2Cf7%2Cf8%2Cf9%2Cf10%2Cf12%2Cf13%2Cf14%2Cf15%2Cf16%2Cf17%2Cf18%2Cf20%2Cf21%2Cf23%2Cf24%2Cf25%2Cf26%2Cf22%2Cf33%2Cf11%2Cf62%2Cf128%2Cf136%2Cf115%2Cf152%2Cf124%2Cf107%2Cf104%2Cf105%2Cf140%2Cf141%2Cf207%2Cf208%2Cf209%2Cf222 (Caused by ProxyError('Unable to connect to proxy', RemoteDisconnected('Remote end closed connection without response')))

💰 资金流向分析
============================================================

北向资金数据暂不可用

主力资金数据暂不可用

🔮 明日展望
============================================================

可能发酵方向:
  1. 关注今日强势板块的持续性
  2. 留意政策面消息
  3. 关注北向资金动向
  4. 观察成交量变化

🎯 操作策略
============================================================

综合判断:
  🟢 偏多格局

激进策略:
  - 可积极参与主线板块
  - 仓位建议：6-8 成
  - 关注：强势股回调机会

稳健策略:
  - 逢低布局优质标的
  - 仓位建议：4-6 成
  - 关注：业绩确定性高的个股

============================================================

✅ 分析完成！时间：2026-04-09 09:30:16
📁 报告已保存至：/Users/zhuxiaolei/.openclaw/workspace/logs/stock-market-analysis/market_analysis_20260409_093016.txt
