/Library/Developer/CommandLineTools/usr/bin/python3: can't open file '/Users/zhuxiaolei/.openclaw/workspace/scripts/nigeria-customer-pro.py': [Errno 2] No such file or directory

╔══════════════════════════════════════════════════════════╗
║     尼日利亚客户开发自动化搜索脚本                        ║
║     家装五金 · 门锁 · 拉手 · 导轨 · 铰链 · 家具配件       ║
╚══════════════════════════════════════════════════════════╝
    
请选择模式：
1. 🔍 手动搜索辅助模式（生成搜索链接和指南）
2. 📝 交互式录入模式（搜索后录入客户信息）
3. 🤖 API 自动搜索模式（需配置 Google API）
4. 🚀 快速启动模式（无需交互，直接生成）

💡 提示：也可运行 python3 nigeria-client-finder.py --quick 直接生成

输入数字选择 [1/2/3/4]: 
🚀 快速生成搜索链接...


============================================================
🔍 尼日利亚客户开发 - 手动搜索辅助模式
============================================================

📋 搜索指南（按顺序执行）

【第一步】Google 搜索（找官网和邮箱）
━━━━━━━━━━━━━━━━━━━━━━━━━━━━━━━━━━━━━━━━
1. "door lock" supplier distributor "Lagos" Nigeria...
   🔗 https://www.google.com/search?q=%22door%20lock%22%20supplier%20distributor%20%22Lagos%22%20Nigeria

2. "door lock" dealer in Nigeria...
   🔗 https://www.google.com/search?q=%22door%20lock%22%20dealer%20in%20Nigeria

3. "door handle" supplier distributor "Lagos" Nigeria...
   🔗 https://www.google.com/search?q=%22door%20handle%22%20supplier%20distributor%20%22Lagos%22%20Nigeria

4. "drawer slide" distributor in Nigeria...
   🔗 https://www.google.com/search?q=%22drawer%20slide%22%20distributor%20in%20Nigeria

5. "cabinet hinge" supplier distributor "Lagos" Nigeria...
   🔗 https://www.google.com/search?q=%22cabinet%20hinge%22%20supplier%20distributor%20%22Lagos%22%20Nigeria

6. "drawer slide" importer in Nigeria...
   🔗 https://www.google.com/search?q=%22drawer%20slide%22%20importer%20in%20Nigeria

7. "furniture hardware" dealer in Nigeria...
   🔗 https://www.google.com/search?q=%22furniture%20hardware%22%20dealer%20in%20Nigeria

8. site:instagram.com "furniture hardware" Nigeria...
   🔗 https://www.google.com/search?q=site%3Ainstagram.com%20%22furniture%20hardware%22%20Nigeria

9. "drawer slide" wholesaler in Nigeria...
   🔗 https://www.google.com/search?q=%22drawer%20slide%22%20wholesaler%20in%20Nigeria

10. "door handle" distributor in Nigeria...
   🔗 https://www.google.com/search?q=%22door%20handle%22%20distributor%20in%20Nigeria


【第二步】LinkedIn 搜索（找公司和采购负责人）
━━━━━━━━━━━━━━━━━━━━━━━━━━━━━━━━━━━━━━━━
1. 访问：https://www.linkedin.com/
2. 搜索关键词：
   - "building materials Nigeria"
   - "hardware importer Lagos"
   - "furniture accessories Nigeria"
3. 筛选：Companies → 地点：Nigeria
4. 查看公司页面，找：
   - About 里的官网和邮箱
   - People 里的采购负责人

【第三步】Facebook 搜索（找中小批发商）
━━━━━━━━━━━━━━━━━━━━━━━━━━━━━━━━━━━━━━━━
1. 访问：https://www.facebook.com/
2. 搜索：
   - "hardware store Lagos"
   - "building materials Nigeria"
   - "furniture fittings Abuja"
3. 筛选：Pages → 地点：Nigeria
4. 查看 Page Info 里的联系方式

【第四步】Instagram 搜索（找零售商）
━━━━━━━━━━━━━━━━━━━━━━━━━━━━━━━━━━━━━━━━
1. 访问：https://www.instagram.com/
2. 搜索标签：
   - #nigeriahardware
   - #lagosbuildingmaterials
   - #furniturenigeria
3. 查看主页 Bio 里的联系方式

【第五步】Google Maps（找实体店）
━━━━━━━━━━━━━━━━━━━━━━━━━━━━━━━━━━━━━━━━
1. 访问：https://www.google.com/maps
2. 搜索：
   - "hardware store Lagos"
   - "building materials Ikeja"
   - "furniture accessories Nigeria"
3. 查看商家信息里的电话和网站

【第六步】行业目录网站
━━━━━━━━━━━━━━━━━━━━━━━━━━━━━━━━━━━━━━━━
推荐网站：
• https://www.nigeriainfo.fm/lagos/business/
• https://www.vconnect.com/
• https://www.finelib.com/
• https://www.tradekey.com/nigeria/
• https://www.go4worldbusiness.com/buyers/nigeria/


✅ 搜索链接已保存：/Users/zhuxiaolei/.openclaw/workspace/scripts/nigeria_search_links.json
✅ 客户记录模板已创建：/Users/zhuxiaolei/.openclaw/workspace/scripts/client_template.csv

============================================================
✅ 完成！请查看以下文件：
   📄 nigeria_search_links.json - 搜索链接
   📄 client_template.csv - 客户记录模板
   📖 README-尼日利亚客户开发.md - 详细使用说明
============================================================
============================================================
🌍 尼日利亚客户开发自动化脚本
============================================================
⏰ 运行时间：2026-04-10 16:00:00
🇳🇬 目标市场：Nigeria
🏙️  目标城市：Lagos, Abuja, Kano, Port Harcourt, Ibadan
============================================================
🔍 生成搜索链接：75 个
📁 保存至：/Users/zhuxiaolei/.openclaw/workspace/logs/nigeria-clients/nigeria_search_links.json
✅ 模板已保存至：/Users/zhuxiaolei/.openclaw/workspace/logs/nigeria-clients/client_template.csv
✅ 导出 1 个客户到 Excel
📁 保存至：/Users/zhuxiaolei/.openclaw/workspace/logs/nigeria-clients/nigeria_clients_20260410_160000.xlsx
✅ 同步到 iCloud 林黛玉/客户名单
📁 iCloud 路径：/Users/zhuxiaolei/Library/Mobile Documents/com~apple~CloudDocs/林黛玉/客户名单/nigeria_clients_20260410_160000.xlsx
============================================================
✅ 脚本执行完成！
============================================================

📝 使用说明：
1. 打开 nigeria_search_links.json 中的链接搜索客户
2. 将找到的客户信息填入 client_template.csv
3. 使用邮件模板联系客户（参考 nigeria-outreach-email-v3.md）

💡 提示：已配置每日 16:00 自动运行
⚠️ 注意：WhatsApp 功能已移除，改为手动发送
============================================================
============================================================
🌍 尼日利亚客户开发自动化脚本
============================================================
⏰ 运行时间：2026-04-13 16:00:01
🇳🇬 目标市场：Nigeria
🏙️  目标城市：Lagos, Abuja, Kano, Port Harcourt, Ibadan
============================================================
🔍 生成搜索链接：75 个
📁 保存至：/Users/zhuxiaolei/.openclaw/workspace/logs/nigeria-clients/nigeria_search_links.json
✅ 模板已保存至：/Users/zhuxiaolei/.openclaw/workspace/logs/nigeria-clients/client_template.csv
✅ 导出 1 个客户到 Excel
📁 保存至：/Users/zhuxiaolei/.openclaw/workspace/logs/nigeria-clients/nigeria_clients_20260413_160001.xlsx
✅ 同步到 iCloud 林黛玉/客户名单
📁 iCloud 路径：/Users/zhuxiaolei/Library/Mobile Documents/com~apple~CloudDocs/林黛玉/客户名单/nigeria_clients_20260413_160001.xlsx
============================================================
✅ 脚本执行完成！
============================================================

📝 使用说明：
1. 打开 nigeria_search_links.json 中的链接搜索客户
2. 将找到的客户信息填入 client_template.csv
3. 使用邮件模板联系客户（参考 nigeria-outreach-email-v3.md）

💡 提示：已配置每日 16:00 自动运行
⚠️ 注意：WhatsApp 功能已移除，改为手动发送
============================================================
/Users/zhuxiaolei/Library/Python/3.9/lib/python/site-packages/urllib3/__init__.py:35: NotOpenSSLWarning: urllib3 v2 only supports OpenSSL 1.1.1+, currently the 'ssl' module is compiled with 'LibreSSL 2.8.3'. See: https://github.com/urllib3/urllib3/issues/3020
  warnings.warn(
============================================================
🌍 尼日利亚客户开发自动化脚本（WhatsApp 优先版）
============================================================
⏰ 运行时间：2026-04-14 16:00:01
🇳🇬 目标市场：Nigeria
🏙️  目标城市：Lagos, Abuja, Kano, Port Harcourt, Ibadan, Kaduna, Benin City, Onitsha
📦 产品关键词：66 个
👥 买家类型：30 种
📱 WhatsApp 优先：✅ 是
🎯 最少客户数：10 个
============================================================

📋 用户要求：
  ✅ 1. 优先搜索有 WhatsApp 联系方式的客户
  ✅ 2. 只要精准、真实、有效的客户
  ✅ 3. 每次至少找到 10 个高质量客户
  ✅ 4. 客户必须是尼日利亚的进口商/批发商
  ✅ 5. 重点关注 Lagos、Abuja 等大城市
  ✅ 6. 导出 Excel 并同步到 iCloud
  ✅ 7. 产品聚焦：门把手、门锁、铰链、导轨等五金
============================================================

🔍 生成搜索链接：4432 个
📁 保存至：/Users/zhuxiaolei/.openclaw/workspace/logs/nigeria-clients/nigeria_search_links.json

📊 搜索渠道分布:
   google: 4224 个链接
   google_maps: 120 个链接
   facebook: 40 个链接
   linkedin: 32 个链接
   directory: 5 个链接
   association: 5 个链接
   b2b: 3 个链接
   customs_data: 3 个链接

============================================================
🤖 开始自动搜索客户...
============================================================
🔍 开始搜索客户（最多 100 个查询）...
  [1/100] 搜索："door handle" "importer" "Lagos" Nigeria contact email...
  [2/100] 搜索："door handle" "importer" "Abuja" Nigeria contact email...
  [3/100] 搜索："door handle" "importer" "Kano" Nigeria contact email...
  [4/100] 搜索："door handle" "importer" "Port Harcourt" Nigeria contact ema...
  [5/100] 搜索："door handle" "wholesaler" "Lagos" Nigeria contact email...
  [6/100] 搜索："door handle" "wholesaler" "Abuja" Nigeria contact email...
  [7/100] 搜索："door handle" "wholesaler" "Kano" Nigeria contact email...
  [8/100] 搜索："door handle" "wholesaler" "Port Harcourt" Nigeria contact e...
  [9/100] 搜索："door handle" "distributor" "Lagos" Nigeria contact email...
  [10/100] 搜索："door handle" "distributor" "Abuja" Nigeria contact email...
  [11/100] 搜索："door handle" "distributor" "Kano" Nigeria contact email...
  [12/100] 搜索："door handle" "distributor" "Port Harcourt" Nigeria contact ...
  [13/100] 搜索："door handle" "dealer" "Lagos" Nigeria contact email...
  [14/100] 搜索："door handle" "dealer" "Abuja" Nigeria contact email...
  [15/100] 搜索："door handle" "dealer" "Kano" Nigeria contact email...
  [16/100] 搜索："door handle" "dealer" "Port Harcourt" Nigeria contact email...
  [17/100] 搜索："door handles" "importer" "Lagos" Nigeria contact email...
  [18/100] 搜索："door handles" "importer" "Abuja" Nigeria contact email...
  [19/100] 搜索："door handles" "importer" "Kano" Nigeria contact email...
  [20/100] 搜索："door handles" "importer" "Port Harcourt" Nigeria contact em...
  [21/100] 搜索："door handles" "wholesaler" "Lagos" Nigeria contact email...
  [22/100] 搜索："door handles" "wholesaler" "Abuja" Nigeria contact email...
  [23/100] 搜索："door handles" "wholesaler" "Kano" Nigeria contact email...
  [24/100] 搜索："door handles" "wholesaler" "Port Harcourt" Nigeria contact ...
  [25/100] 搜索："door handles" "distributor" "Lagos" Nigeria contact email...
  [26/100] 搜索："door handles" "distributor" "Abuja" Nigeria contact email...
  [27/100] 搜索："door handles" "distributor" "Kano" Nigeria contact email...
  [28/100] 搜索："door handles" "distributor" "Port Harcourt" Nigeria contact...
  [29/100] 搜索："door handles" "dealer" "Lagos" Nigeria contact email...
  [30/100] 搜索："door handles" "dealer" "Abuja" Nigeria contact email...
  [31/100] 搜索："door handles" "dealer" "Kano" Nigeria contact email...
  [32/100] 搜索："door handles" "dealer" "Port Harcourt" Nigeria contact emai...
  [33/100] 搜索："door lock" "importer" "Lagos" Nigeria contact email...
  [34/100] 搜索："door lock" "importer" "Abuja" Nigeria contact email...
  [35/100] 搜索："door lock" "importer" "Kano" Nigeria contact email...
  [36/100] 搜索："door lock" "importer" "Port Harcourt" Nigeria contact email...
  [37/100] 搜索："door lock" "wholesaler" "Lagos" Nigeria contact email...
  [38/100] 搜索："door lock" "wholesaler" "Abuja" Nigeria contact email...
  [39/100] 搜索："door lock" "wholesaler" "Kano" Nigeria contact email...
  [40/100] 搜索："door lock" "wholesaler" "Port Harcourt" Nigeria contact ema...
  [41/100] 搜索："door lock" "distributor" "Lagos" Nigeria contact email...
  [42/100] 搜索："door lock" "distributor" "Abuja" Nigeria contact email...
  [43/100] 搜索："door lock" "distributor" "Kano" Nigeria contact email...
  [44/100] 搜索："door lock" "distributor" "Port Harcourt" Nigeria contact em...
  [45/100] 搜索："door lock" "dealer" "Lagos" Nigeria contact email...
  [46/100] 搜索："door lock" "dealer" "Abuja" Nigeria contact email...
  [47/100] 搜索："door lock" "dealer" "Kano" Nigeria contact email...
  [48/100] 搜索："door lock" "dealer" "Port Harcourt" Nigeria contact email...
  [49/100] 搜索："door locks" "importer" "Lagos" Nigeria contact email...
  [50/100] 搜索："door locks" "importer" "Abuja" Nigeria contact email...
  [51/100] 搜索："door locks" "importer" "Kano" Nigeria contact email...
  [52/100] 搜索："door locks" "importer" "Port Harcourt" Nigeria contact emai...
  [53/100] 搜索："door locks" "wholesaler" "Lagos" Nigeria contact email...
  [54/100] 搜索："door locks" "wholesaler" "Abuja" Nigeria contact email...
  [55/100] 搜索："door locks" "wholesaler" "Kano" Nigeria contact email...
  [56/100] 搜索："door locks" "wholesaler" "Port Harcourt" Nigeria contact em...
  [57/100] 搜索："door locks" "distributor" "Lagos" Nigeria contact email...
  [58/100] 搜索："door locks" "distributor" "Abuja" Nigeria contact email...
  [59/100] 搜索："door locks" "distributor" "Kano" Nigeria contact email...
  [60/100] 搜索："door locks" "distributor" "Port Harcourt" Nigeria contact e...
  [61/100] 搜索："door locks" "dealer" "Lagos" Nigeria contact email...
  [62/100] 搜索："door locks" "dealer" "Abuja" Nigeria contact email...
  [63/100] 搜索："door locks" "dealer" "Kano" Nigeria contact email...
  [64/100] 搜索："door locks" "dealer" "Port Harcourt" Nigeria contact email...
  [65/100] 搜索："door hinge" "importer" "Lagos" Nigeria contact email...
  [66/100] 搜索："door hinge" "importer" "Abuja" Nigeria contact email...
  [67/100] 搜索："door hinge" "importer" "Kano" Nigeria contact email...
  [68/100] 搜索："door hinge" "importer" "Port Harcourt" Nigeria contact emai...
  [69/100] 搜索："door hinge" "wholesaler" "Lagos" Nigeria contact email...
  [70/100] 搜索："door hinge" "wholesaler" "Abuja" Nigeria contact email...
  [71/100] 搜索："door hinge" "wholesaler" "Kano" Nigeria contact email...
  [72/100] 搜索："door hinge" "wholesaler" "Port Harcourt" Nigeria contact em...
  [73/100] 搜索："door hinge" "distributor" "Lagos" Nigeria contact email...
  [74/100] 搜索："door hinge" "distributor" "Abuja" Nigeria contact email...
  [75/100] 搜索："door hinge" "distributor" "Kano" Nigeria contact email...
  [76/100] 搜索："door hinge" "distributor" "Port Harcourt" Nigeria contact e...
  [77/100] 搜索："door hinge" "dealer" "Lagos" Nigeria contact email...
  [78/100] 搜索："door hinge" "dealer" "Abuja" Nigeria contact email...
  [79/100] 搜索："door hinge" "dealer" "Kano" Nigeria contact email...
  [80/100] 搜索："door hinge" "dealer" "Port Harcourt" Nigeria contact email...
  [81/100] 搜索："door hinges" "importer" "Lagos" Nigeria contact email...
  [82/100] 搜索："door hinges" "importer" "Abuja" Nigeria contact email...
  [83/100] 搜索："door hinges" "importer" "Kano" Nigeria contact email...
  [84/100] 搜索："door hinges" "importer" "Port Harcourt" Nigeria contact ema...
  [85/100] 搜索："door hinges" "wholesaler" "Lagos" Nigeria contact email...
  [86/100] 搜索："door hinges" "wholesaler" "Abuja" Nigeria contact email...
  [87/100] 搜索："door hinges" "wholesaler" "Kano" Nigeria contact email...
  [88/100] 搜索："door hinges" "wholesaler" "Port Harcourt" Nigeria contact e...
  [89/100] 搜索："door hinges" "distributor" "Lagos" Nigeria contact email...
  [90/100] 搜索："door hinges" "distributor" "Abuja" Nigeria contact email...
  [91/100] 搜索："door hinges" "distributor" "Kano" Nigeria contact email...
  [92/100] 搜索："door hinges" "distributor" "Port Harcourt" Nigeria contact ...
  [93/100] 搜索："door hinges" "dealer" "Lagos" Nigeria contact email...
  [94/100] 搜索："door hinges" "dealer" "Abuja" Nigeria contact email...
  [95/100] 搜索："door hinges" "dealer" "Kano" Nigeria contact email...
  [96/100] 搜索："door hinges" "dealer" "Port Harcourt" Nigeria contact email...
  [97/100] 搜索："sliding track" "importer" "Lagos" Nigeria contact email...
  [98/100] 搜索："sliding track" "importer" "Abuja" Nigeria contact email...
  [99/100] 搜索："sliding track" "importer" "Kano" Nigeria contact email...
  [100/100] 搜索："sliding track" "importer" "Port Harcourt" Nigeria contact e...

✅ 自动搜索到 0 个客户
✅ 模板已保存至：/Users/zhuxiaolei/.openclaw/workspace/logs/nigeria-clients/client_template.csv
✅ 导出 1 个客户到 Excel
📁 保存至：/Users/zhuxiaolei/.openclaw/workspace/logs/nigeria-clients/nigeria_20260414_whatsapp_clients_{}.xlsx
✅ 同步到 iCloud 林黛玉/客户名单
📁 iCloud 路径：/Users/zhuxiaolei/Library/Mobile Documents/com~apple~CloudDocs/林黛玉/客户名单/nigeria_20260414_whatsapp_clients_{}.xlsx

============================================================
✅ 脚本执行完成！
============================================================

📝 使用说明:
1. 打开 nigeria_search_links.json 中的链接搜索客户
   - Google 搜索：直接点击链接
   - Google 地图：查找本地商家
   - Facebook/LinkedIn：搜索公司和联系人
   - 行业目录：查找批发商和进口商
2. 将找到的客户信息填入 client_template.csv
3. 使用邮件模板联系客户

💡 提示:
   - 已生成 4432 个搜索链接
   - 配置为每个工作日 16:00 自动运行
   - 如需手动运行：python3 nigeria-client-finder.py
============================================================
/Users/zhuxiaolei/Library/Python/3.9/lib/python/site-packages/urllib3/__init__.py:35: NotOpenSSLWarning: urllib3 v2 only supports OpenSSL 1.1.1+, currently the 'ssl' module is compiled with 'LibreSSL 2.8.3'. See: https://github.com/urllib3/urllib3/issues/3020
  warnings.warn(
============================================================
🌍 尼日利亚客户开发自动化脚本（WhatsApp 优先版）
============================================================
⏰ 运行时间：2026-04-15 16:00:01
🇳🇬 目标市场：Nigeria
🏙️  目标城市：Lagos, Abuja, Kano, Port Harcourt, Ibadan, Kaduna, Benin City, Onitsha
📦 产品关键词：66 个
👥 买家类型：30 种
📱 WhatsApp 优先：✅ 是
🎯 最少客户数：10 个
============================================================

📋 用户要求：
  ✅ 1. 优先搜索有 WhatsApp 联系方式的客户
  ✅ 2. 只要精准、真实、有效的客户
  ✅ 3. 每次至少找到 10 个高质量客户
  ✅ 4. 客户必须是尼日利亚的进口商/批发商
  ✅ 5. 重点关注 Lagos、Abuja 等大城市
  ✅ 6. 导出 Excel 并同步到 iCloud
  ✅ 7. 产品聚焦：门把手、门锁、铰链、导轨等五金
============================================================

🔍 生成搜索链接：4432 个
📁 保存至：/Users/zhuxiaolei/.openclaw/workspace/logs/nigeria-clients/nigeria_search_links.json

📊 搜索渠道分布:
   google: 4224 个链接
   google_maps: 120 个链接
   facebook: 40 个链接
   linkedin: 32 个链接
   directory: 5 个链接
   association: 5 个链接
   b2b: 3 个链接
   customs_data: 3 个链接

============================================================
🤖 开始自动搜索客户...
============================================================
🔍 开始搜索客户（最多 100 个查询）...
  [1/100] 搜索："door handle" "importer" "Lagos" Nigeria contact email...
  [2/100] 搜索："door handle" "importer" "Abuja" Nigeria contact email...
  [3/100] 搜索："door handle" "importer" "Kano" Nigeria contact email...
  [4/100] 搜索："door handle" "importer" "Port Harcourt" Nigeria contact ema...
  [5/100] 搜索："door handle" "wholesaler" "Lagos" Nigeria contact email...
  [6/100] 搜索："door handle" "wholesaler" "Abuja" Nigeria contact email...
  [7/100] 搜索："door handle" "wholesaler" "Kano" Nigeria contact email...
  [8/100] 搜索："door handle" "wholesaler" "Port Harcourt" Nigeria contact e...
  [9/100] 搜索："door handle" "distributor" "Lagos" Nigeria contact email...
  [10/100] 搜索："door handle" "distributor" "Abuja" Nigeria contact email...
  [11/100] 搜索："door handle" "distributor" "Kano" Nigeria contact email...
  [12/100] 搜索："door handle" "distributor" "Port Harcourt" Nigeria contact ...
  [13/100] 搜索："door handle" "dealer" "Lagos" Nigeria contact email...
  [14/100] 搜索："door handle" "dealer" "Abuja" Nigeria contact email...
  [15/100] 搜索："door handle" "dealer" "Kano" Nigeria contact email...
  [16/100] 搜索："door handle" "dealer" "Port Harcourt" Nigeria contact email...
  [17/100] 搜索："door handles" "importer" "Lagos" Nigeria contact email...
  [18/100] 搜索："door handles" "importer" "Abuja" Nigeria contact email...
  [19/100] 搜索："door handles" "importer" "Kano" Nigeria contact email...
  [20/100] 搜索："door handles" "importer" "Port Harcourt" Nigeria contact em...
  [21/100] 搜索："door handles" "wholesaler" "Lagos" Nigeria contact email...
  [22/100] 搜索："door handles" "wholesaler" "Abuja" Nigeria contact email...
  [23/100] 搜索："door handles" "wholesaler" "Kano" Nigeria contact email...
  [24/100] 搜索："door handles" "wholesaler" "Port Harcourt" Nigeria contact ...
  [25/100] 搜索："door handles" "distributor" "Lagos" Nigeria contact email...
  [26/100] 搜索："door handles" "distributor" "Abuja" Nigeria contact email...
  [27/100] 搜索："door handles" "distributor" "Kano" Nigeria contact email...
  [28/100] 搜索："door handles" "distributor" "Port Harcourt" Nigeria contact...
  [29/100] 搜索："door handles" "dealer" "Lagos" Nigeria contact email...
  [30/100] 搜索："door handles" "dealer" "Abuja" Nigeria contact email...
  [31/100] 搜索："door handles" "dealer" "Kano" Nigeria contact email...
  [32/100] 搜索："door handles" "dealer" "Port Harcourt" Nigeria contact emai...
  [33/100] 搜索："door lock" "importer" "Lagos" Nigeria contact email...
  [34/100] 搜索："door lock" "importer" "Abuja" Nigeria contact email...
  [35/100] 搜索："door lock" "importer" "Kano" Nigeria contact email...
  [36/100] 搜索："door lock" "importer" "Port Harcourt" Nigeria contact email...
  [37/100] 搜索："door lock" "wholesaler" "Lagos" Nigeria contact email...
  [38/100] 搜索："door lock" "wholesaler" "Abuja" Nigeria contact email...
  [39/100] 搜索："door lock" "wholesaler" "Kano" Nigeria contact email...
  [40/100] 搜索："door lock" "wholesaler" "Port Harcourt" Nigeria contact ema...
  [41/100] 搜索："door lock" "distributor" "Lagos" Nigeria contact email...
  [42/100] 搜索："door lock" "distributor" "Abuja" Nigeria contact email...
  [43/100] 搜索："door lock" "distributor" "Kano" Nigeria contact email...
  [44/100] 搜索："door lock" "distributor" "Port Harcourt" Nigeria contact em...
  [45/100] 搜索："door lock" "dealer" "Lagos" Nigeria contact email...
  [46/100] 搜索："door lock" "dealer" "Abuja" Nigeria contact email...
  [47/100] 搜索："door lock" "dealer" "Kano" Nigeria contact email...
  [48/100] 搜索："door lock" "dealer" "Port Harcourt" Nigeria contact email...
  [49/100] 搜索："door locks" "importer" "Lagos" Nigeria contact email...
  [50/100] 搜索："door locks" "importer" "Abuja" Nigeria contact email...
  [51/100] 搜索："door locks" "importer" "Kano" Nigeria contact email...
  [52/100] 搜索："door locks" "importer" "Port Harcourt" Nigeria contact emai...
  [53/100] 搜索："door locks" "wholesaler" "Lagos" Nigeria contact email...
  [54/100] 搜索："door locks" "wholesaler" "Abuja" Nigeria contact email...
  [55/100] 搜索："door locks" "wholesaler" "Kano" Nigeria contact email...
  [56/100] 搜索："door locks" "wholesaler" "Port Harcourt" Nigeria contact em...
  [57/100] 搜索："door locks" "distributor" "Lagos" Nigeria contact email...
  [58/100] 搜索："door locks" "distributor" "Abuja" Nigeria contact email...
  [59/100] 搜索："door locks" "distributor" "Kano" Nigeria contact email...
  [60/100] 搜索："door locks" "distributor" "Port Harcourt" Nigeria contact e...
  [61/100] 搜索："door locks" "dealer" "Lagos" Nigeria contact email...
  [62/100] 搜索："door locks" "dealer" "Abuja" Nigeria contact email...
  [63/100] 搜索："door locks" "dealer" "Kano" Nigeria contact email...
  [64/100] 搜索："door locks" "dealer" "Port Harcourt" Nigeria contact email...
  [65/100] 搜索："door hinge" "importer" "Lagos" Nigeria contact email...
  [66/100] 搜索："door hinge" "importer" "Abuja" Nigeria contact email...
  [67/100] 搜索："door hinge" "importer" "Kano" Nigeria contact email...
  [68/100] 搜索："door hinge" "importer" "Port Harcourt" Nigeria contact emai...
  [69/100] 搜索："door hinge" "wholesaler" "Lagos" Nigeria contact email...
  [70/100] 搜索："door hinge" "wholesaler" "Abuja" Nigeria contact email...
  [71/100] 搜索："door hinge" "wholesaler" "Kano" Nigeria contact email...
  [72/100] 搜索："door hinge" "wholesaler" "Port Harcourt" Nigeria contact em...
  [73/100] 搜索："door hinge" "distributor" "Lagos" Nigeria contact email...
  [74/100] 搜索："door hinge" "distributor" "Abuja" Nigeria contact email...
  [75/100] 搜索："door hinge" "distributor" "Kano" Nigeria contact email...
  [76/100] 搜索："door hinge" "distributor" "Port Harcourt" Nigeria contact e...
  [77/100] 搜索："door hinge" "dealer" "Lagos" Nigeria contact email...
  [78/100] 搜索："door hinge" "dealer" "Abuja" Nigeria contact email...
  [79/100] 搜索："door hinge" "dealer" "Kano" Nigeria contact email...
  [80/100] 搜索："door hinge" "dealer" "Port Harcourt" Nigeria contact email...
  [81/100] 搜索："door hinges" "importer" "Lagos" Nigeria contact email...
⚠️ 搜索失败：HTTPSConnectionPool(host='www.google.com', port=443): Read timed out. (read timeout=10)
  [82/100] 搜索："door hinges" "importer" "Abuja" Nigeria contact email...
  [83/100] 搜索："door hinges" "importer" "Kano" Nigeria contact email...
  [84/100] 搜索："door hinges" "importer" "Port Harcourt" Nigeria contact ema...
  [85/100] 搜索："door hinges" "wholesaler" "Lagos" Nigeria contact email...
  [86/100] 搜索："door hinges" "wholesaler" "Abuja" Nigeria contact email...
  [87/100] 搜索："door hinges" "wholesaler" "Kano" Nigeria contact email...
  [88/100] 搜索："door hinges" "wholesaler" "Port Harcourt" Nigeria contact e...
  [89/100] 搜索："door hinges" "distributor" "Lagos" Nigeria contact email...
  [90/100] 搜索："door hinges" "distributor" "Abuja" Nigeria contact email...
  [91/100] 搜索："door hinges" "distributor" "Kano" Nigeria contact email...
  [92/100] 搜索："door hinges" "distributor" "Port Harcourt" Nigeria contact ...
  [93/100] 搜索："door hinges" "dealer" "Lagos" Nigeria contact email...
  [94/100] 搜索："door hinges" "dealer" "Abuja" Nigeria contact email...
  [95/100] 搜索："door hinges" "dealer" "Kano" Nigeria contact email...
  [96/100] 搜索："door hinges" "dealer" "Port Harcourt" Nigeria contact email...
  [97/100] 搜索："sliding track" "importer" "Lagos" Nigeria contact email...
  [98/100] 搜索："sliding track" "importer" "Abuja" Nigeria contact email...
  [99/100] 搜索："sliding track" "importer" "Kano" Nigeria contact email...
  [100/100] 搜索："sliding track" "importer" "Port Harcourt" Nigeria contact e...

✅ 自动搜索到 0 个客户
✅ 模板已保存至：/Users/zhuxiaolei/.openclaw/workspace/logs/nigeria-clients/client_template.csv
✅ 导出 1 个客户到 Excel
📁 保存至：/Users/zhuxiaolei/.openclaw/workspace/logs/nigeria-clients/nigeria_20260415_whatsapp_clients_{}.xlsx
✅ 同步到 iCloud 林黛玉/客户名单
📁 iCloud 路径：/Users/zhuxiaolei/Library/Mobile Documents/com~apple~CloudDocs/林黛玉/客户名单/nigeria_20260415_whatsapp_clients_{}.xlsx

============================================================
✅ 脚本执行完成！
============================================================

📝 使用说明:
1. 打开 nigeria_search_links.json 中的链接搜索客户
   - Google 搜索：直接点击链接
   - Google 地图：查找本地商家
   - Facebook/LinkedIn：搜索公司和联系人
   - 行业目录：查找批发商和进口商
2. 将找到的客户信息填入 client_template.csv
3. 使用邮件模板联系客户

💡 提示:
   - 已生成 4432 个搜索链接
   - 配置为每个工作日 16:00 自动运行
   - 如需手动运行：python3 nigeria-client-finder.py
============================================================
/Users/zhuxiaolei/Library/Python/3.9/lib/python/site-packages/urllib3/__init__.py:35: NotOpenSSLWarning: urllib3 v2 only supports OpenSSL 1.1.1+, currently the 'ssl' module is compiled with 'LibreSSL 2.8.3'. See: https://github.com/urllib3/urllib3/issues/3020
  warnings.warn(
============================================================
🌍 尼日利亚客户开发自动化脚本（WhatsApp 优先版）
============================================================
⏰ 运行时间：2026-04-16 16:00:01
🇳🇬 目标市场：Nigeria
🏙️  目标城市：Lagos, Abuja, Kano, Port Harcourt, Ibadan, Kaduna, Benin City, Onitsha
📦 产品关键词：20 个
👥 买家类型：19 种
📱 WhatsApp 优先：✅ 是
🎯 最少客户数：15 个
🔍 搜索渠道：8 个（Tavily + DuckDuckGo + Bing + 非洲黄页+TradeKey+Alibaba+LinkedIn+🇳🇬尼日利亚商会）
============================================================

📋 用户要求：
  ✅ 1. 优先搜索有 WhatsApp 联系方式的客户
  ✅ 2. 只要精准、真实、有效的客户
  ✅ 3. 每次至少找到 15 个高质量客户
  ✅ 4. 客户必须是尼日利亚的进口商/批发商
  ✅ 5. 重点关注 Lagos、Abuja 等大城市
  ✅ 6. 导出 Excel 并同步到 iCloud
  ✅ 7. 产品聚焦：门把手、门锁、铰链、导轨等五金
============================================================

🔍 生成搜索链接：1488 个
📁 保存至：/Users/zhuxiaolei/.openclaw/workspace/logs/nigeria-clients/nigeria_search_links.json

📊 搜索渠道分布:
   google: 1280 个链接
   google_maps: 120 个链接
   facebook: 40 个链接
   linkedin: 32 个链接
   directory: 5 个链接
   association: 5 个链接
   b2b: 3 个链接
   customs_data: 3 个链接

============================================================
🔍 开始多源搜索（Tavily + DuckDuckGo + Bing）...
============================================================

【搜索源 1/3】Tavily API（高质量英文搜索）
------------------------------------------------------------

[1/5] Tavily 搜索："door handles" importer Nigeria WhatsApp
   ✅ Instagram | 📧 无...
   ✅ Instagram | 📧 无...
   ✅ Instagram | 📧 无...
   ✅ Instagram | 📧 无...
   ✅ We sell good quality doors and smartlocks at a ver | 📧 无...

[2/5] Tavily 搜索："door locks" wholesaler Lagos Nigeria
   ✅ Robeck Locks Limited Olorunsogo Mushin Lagos Niger | 📧 info@robecklocks.com...
   ✅ Door Locks: An Overview. - Superdoor Nigeria Ltd. | 📧 sales@mul-t-lock.com.ng...
   ✅ Door Supplier in Nigeria - Buy HDF and Steel Doors | 📧 sales@goltava.com...
   ✅ Nigeria’s No. 1 Manufacturer of Steel Internal and | 📧 sales@mul-t-lock.com.ng...

[3/5] Tavily 搜索："hardware supplier" Abuja Nigeria contact
   ✅ Hardware and Fittings Gallery Ltd | Abuja - Facebo | 📧 无...
   ✅ Hardware and Sanitary Shops all branches in  Abuja | 📧 无...
   ✅ A to Z Tools & Hardware Nig Ltd (@AtoZToolsNigiria | 📧 无...
   ✅ Linco Hardware Enterprises Nigeria Ltd Suite 1, Ma | 📧 无...
   ✅ HOME | Atoz Tools Nigeria | 📧 info@atoztool.net...
   ✅ HARDWARE SUPPLIES – Cybercloud | 📧 customercare@cybercloud.net.ng...

[4/5] Tavily 搜索："building materials" importer Nigeria
   ✅ [PDF] building materials (general) importers & mer | 📧 customerservice@houseaffairsng...
   ✅ Vinest Global Nigeria Ltd. - Construction & Buildi | 📧 info@vinestglobal.com...
   ✅ Building Materials Manufacturers and sellers in Ni | 📧 support@businessguide.com.ng...
   ✅ WBS | Wholesale Building Materials Supplier in Nig | 📧 sales@wbs.ng...

[5/5] Tavily 搜索："furniture hardware" distributor Nigeria

   📊 Tavily 找到 19 个客户

【搜索源 2/3】DuckDuckGo（国际搜索）
------------------------------------------------------------

[1/5] DuckDuckGo 搜索：Nigeria door handles importer contact email

[2/5] DuckDuckGo 搜索：Lagos hardware wholesaler WhatsApp number

[3/5] DuckDuckGo 搜索：Nigeria building materials importer distributor

[4/5] DuckDuckGo 搜索：Abuja construction materials supplier contact

[5/5] DuckDuckGo 搜索：Nigeria furniture hardware importer bulk

   📊 DuckDuckGo 找到 0 个客户

【搜索源 3/3】Bing 搜索（国际版）
------------------------------------------------------------

[1/3] Bing 搜索：site:ng "door handles" importer contact

[2/3] Bing 搜索：site:ng "hardware" wholesaler Lagos WhatsApp

[3/3] Bing 搜索：site:ng "building materials" importer email

   📊 Bing 找到 0 个客户

【搜索源 4/7】非洲黄页（高价值本地商家）
------------------------------------------------------------
   📞 非洲黄页链接（建议手动访问）:
   - https://www.africayellowpages.com/en/country/Nigeria
   - https://nigeria.yellowpages.com/
   - https://www.nigeriainfopedia.com/business/
   - https://www.connectnigeria.com/directory/business/

【搜索源 5/7】TradeKey B2B 平台（尼日利亚买家）
------------------------------------------------------------

[1/3] TradeKey 搜索：door handles Nigeria importer

[2/3] TradeKey 搜索：door locks Nigeria buyer

[3/3] TradeKey 搜索：hardware Nigeria wholesaler
   ⚠️ 错误：HTTPSConnectionPool(host='www.tradekey.com', port=443): Read timed out. (read timeout=15)

   📊 TradeKey 找到 0 个公司

【搜索源 6/7】Alibaba 国际站（尼日利亚采购商）
------------------------------------------------------------
   📦 Alibaba 采购询盘页面:
   - https://www.alibaba.com/trade/search?IndexArea=product_en&CatId=&SearchText=hardware+nigeria+importer
   💡 提示：需要登录才能查看完整买家信息

【搜索源 7/7】LinkedIn 采购经理（精准联系人）
------------------------------------------------------------
   [1/3] procurement manager hardware Nigeria
   🔗 https://www.linkedin.com/search/results/people/?keywords=procurement%20manager%20hardware%20Nigeria
   [2/3] purchasing manager building materials Lagos
   🔗 https://www.linkedin.com/search/results/people/?keywords=purchasing%20manager%20building%20materials%20Lagos
   [3/3] import manager Nigeria
   🔗 https://www.linkedin.com/search/results/people/?keywords=import%20manager%20Nigeria

   💡 提示：LinkedIn 需要登录，建议手动访问上述链接

【搜索源 8/8】🇳🇬 尼日利亚本地商会（精准进口商/批发商）
------------------------------------------------------------

   📋 尼日利亚主要商会列表（建议逐个访问获取会员名录）:

   ┌─────────────────────────────────────────────────────────────┐
   │ 1. 尼日利亚工商总会 (NACCIMA)
   │    🌐 https://naccima.org.ng/
   │    📌 全国性商会，成员包括进口商、批发商、制造商
   │
   │ 2. 拉各斯商会 (LCCI)
   │    🌐 https://lagoschamber.com/
   │    📌 拉各斯地区最大商会，五金建材进口商集中
   │
   │ 3. 阿布贾商会 (ABCCI)
   │    🌐 https://abujachamber.org/
   │    📌 首都地区商会，政府采购供应商多
   │
   │ 4. 尼日利亚制造商协会 (MAN)
   │    🌐 https://man.org.ng/
   │    📌 制造商协会，需要五金配件的工厂
   │
   │ 5. 尼日利亚进口商协会
   │    🌐 https://naien.org.ng/
   │    📌 专业进出口商协会，精准客户群体
   │
   │ 6. 尼日利亚建材协会
   │    🌐 需要搜索
   │    📌 建材行业专业协会，门把手/门锁/铰链精准客户
   │
   │ 7. 卡诺商会
   │    🌐 需要搜索
   │    📌 北部最大商业城市，建材需求大
   │
   │ 8. 尼日利亚华人商会
   │    🌐 需要搜索
   │    📌 华人商家，沟通更方便，五金贸易多
   │
   └─────────────────────────────────────────────────────────────┘

   🔍 商会成员搜索链接（Google 精确搜索）:
   [1] site:naccima.org.ng members directory
       🔗 https://www.google.com/search?q=site%3Anaccima.org.ng%20members%20directory
   [2] site:lagoschamber.com member list hardware
       🔗 https://www.google.com/search?q=site%3Alagoschamber.com%20member%20list%20hardware
   [3] Nigeria chamber of commerce member directory importers
       🔗 https://www.google.com/search?q=Nigeria%20chamber%20of%20commerce%20member%20directory%20importers
   [4] Lagos business association hardware dealers contact
       🔗 https://www.google.com/search?q=Lagos%20business%20association%20hardware%20dealers%20contact
   [5] Nigeria importers association member list email
       🔗 https://www.google.com/search?q=Nigeria%20importers%20association%20member%20list%20email

   ✅ 商会列表已保存：/Users/zhuxiaolei/.openclaw/workspace/logs/nigeria-clients/nigeria_chambers.json

   🤖 尝试爬取商会网站公开信息...
   ⚠️ 尼日利亚工商总会 (NACCIMA): 爬取失败 - HTTPSConnectionPool(host='naccima.org.ng', port=443): Max retries exceeded with url: / (Caused by SSLError(SSLEOFError(8, 'EOF occurred in violation of protocol (_ssl.c:1129)')))
   ⚠️ 阿布贾商会 (ABCCI): 爬取失败 - HTTPSConnectionPool(host='abujachamber.org', port=443): Max retries exceeded with url: / (Caused by SSLError(SSLEOFError(8, 'EOF occurred in violation of protocol (_ssl.c:1129)')))

   📊 商会数据：找到 0 个商会联系方式

============================================================
🎉 搜索完成！找到 19 个客户
============================================================
✅ 爬取结果保存至：/Users/zhuxiaolei/.openclaw/workspace/logs/nigeria-clients/multi_source_clients_20260416_160203.csv
✅ 导出 19 个客户到 Excel
📁 保存至：/Users/zhuxiaolei/.openclaw/workspace/logs/nigeria-clients/nigeria_20260416_whatsapp_clients_{}.xlsx
Traceback (most recent call last):
  File "/Users/zhuxiaolei/.openclaw/workspace/scripts/nigeria-client-finder.py", line 1400, in <module>
    main()
  File "/Users/zhuxiaolei/.openclaw/workspace/scripts/nigeria-client-finder.py", line 1297, in main
    export_to_excel(crawled_clients)
  File "/Users/zhuxiaolei/.openclaw/workspace/scripts/nigeria-client-finder.py", line 826, in export_to_excel
    df.to_excel(icloud_path, index=False)
  File "/Users/zhuxiaolei/Library/Python/3.9/lib/python/site-packages/pandas/util/_decorators.py", line 333, in wrapper
    return func(*args, **kwargs)
  File "/Users/zhuxiaolei/Library/Python/3.9/lib/python/site-packages/pandas/core/generic.py", line 2417, in to_excel
    formatter.write(
  File "/Users/zhuxiaolei/Library/Python/3.9/lib/python/site-packages/pandas/io/formats/excel.py", line 943, in write
    writer = ExcelWriter(
  File "/Users/zhuxiaolei/Library/Python/3.9/lib/python/site-packages/pandas/io/excel/_openpyxl.py", line 61, in __init__
    super().__init__(
  File "/Users/zhuxiaolei/Library/Python/3.9/lib/python/site-packages/pandas/io/excel/_base.py", line 1246, in __init__
    self._handles = get_handle(
  File "/Users/zhuxiaolei/Library/Python/3.9/lib/python/site-packages/pandas/io/common.py", line 882, in get_handle
    handle = open(handle, ioargs.mode)
PermissionError: [Errno 1] Operation not permitted: '/Users/zhuxiaolei/Library/Mobile Documents/com~apple~CloudDocs/林黛玉/客户名单/nigeria_20260416_whatsapp_clients_{}.xlsx'
