/Users/zhuxiaolei/Library/Python/3.9/lib/python/site-packages/urllib3/__init__.py:35: NotOpenSSLWarning: urllib3 v2 only supports OpenSSL 1.1.1+, currently the 'ssl' module is compiled with 'LibreSSL 2.8.3'. See: https://github.com/urllib3/urllib3/issues/3020
  warnings.warn(

⚠️ 风险提示
═══════════════════════════════════════════════════════════
本文仅为数据与逻辑分析，不构成任何投资建议。
股市有风险，入市需谨慎。
请结合自身风险承受能力，独立做出投资决策。
═══════════════════════════════════════════════════════════


📈📈📈📈📈📈📈📈📈📈📈📈📈📈📈📈📈📈📈📈📈📈📈📈📈📈📈📈📈📈
  A 股量化分析报告 - 平安银行(000001)
📈📈📈📈📈📈📈📈📈📈📈📈📈📈📈📈📈📈📈📈📈📈📈📈📈📈📈📈📈📈

📊 基本面分析 - 平安银行(000001)
============================================================
❌ 获取基本面数据失败：HTTPSConnectionPool(host='push2.eastmoney.com', port=443): Max retries exceeded with url: /api/qt/stock/get?fltt=2&invt=2&fields=f120%2Cf121%2Cf122%2Cf174%2Cf175%2Cf59%2Cf163%2Cf43%2Cf57%2Cf58%2Cf169%2Cf170%2Cf46%2Cf44%2Cf51%2Cf168%2Cf47%2Cf164%2Cf116%2Cf60%2Cf45%2Cf52%2Cf50%2Cf48%2Cf167%2Cf117%2Cf71%2Cf161%2Cf49%2Cf530%2Cf135%2Cf136%2Cf137%2Cf138%2Cf139%2Cf141%2Cf142%2Cf144%2Cf145%2Cf147%2Cf148%2Cf140%2Cf143%2Cf146%2Cf149%2Cf55%2Cf62%2Cf162%2Cf92%2Cf173%2Cf104%2Cf105%2Cf84%2Cf85%2Cf183%2Cf184%2Cf185%2Cf186%2Cf187%2Cf188%2Cf189%2Cf190%2Cf191%2Cf192%2Cf107%2Cf111%2Cf86%2Cf177%2Cf78%2Cf110%2Cf262%2Cf263%2Cf264%2Cf267%2Cf268%2Cf255%2Cf256%2Cf257%2Cf258%2Cf127%2Cf199%2Cf128%2Cf198%2Cf259%2Cf260%2Cf261%2Cf171%2Cf277%2Cf278%2Cf279%2Cf288%2Cf152%2Cf250%2Cf251%2Cf252%2Cf253%2Cf254%2Cf269%2Cf270%2Cf271%2Cf272%2Cf273%2Cf274%2Cf275%2Cf276%2Cf265%2Cf266%2Cf289%2Cf290%2Cf286%2Cf285%2Cf292%2Cf293%2Cf294%2Cf295%2Cf43&secid=0.000001 (Caused by ProxyError('Unable to connect to proxy', RemoteDisconnected('Remote end closed connection without response')))

📉 技术面分析 - 平安银行(000001)
============================================================
❌ 获取技术面数据失败：HTTPSConnectionPool(host='push2his.eastmoney.com', port=443): Max retries exceeded with url: /api/qt/stock/kline/get?fields1=f1%2Cf2%2Cf3%2Cf4%2Cf5%2Cf6&fields2=f51%2Cf52%2Cf53%2Cf54%2Cf55%2Cf56%2Cf57%2Cf58%2Cf59%2Cf60%2Cf61%2Cf116&ut=7eea3edcaed734bea9cbfc24409ed989&klt=101&fqt=1&secid=0.000001&beg=19700101&end=20500101 (Caused by ProxyError('Unable to connect to proxy', RemoteDisconnected('Remote end closed connection without response')))

💰 资金面分析 - 平安银行(000001)
============================================================
  主力资金数据暂不可用
  北向资金数据暂不可用（非沪深股通标的）
  换手率数据暂不可用
❌ 获取资金面数据失败：local variable 'latest_flow' referenced before assignment

💎 估值分析 - 平安银行(000001)
============================================================

当前估值:
  市盈率 (PE): N/A
  市净率 (PB): 0.48253423
  市销率 (PS): 1.65650555

⚠️ 风险提示 - 平安银行(000001)
============================================================
  ✅ 暂无重大风险事项

🎯 操作参考
============================================================
❌ 数据不足，无法生成操作建议

============================================================


📈📈📈📈📈📈📈📈📈📈📈📈📈📈📈📈📈📈📈📈📈📈📈📈📈📈📈📈📈📈
  A 股量化分析报告 - 贵州茅台(600519)
📈📈📈📈📈📈📈📈📈📈📈📈📈📈📈📈📈📈📈📈📈📈📈📈📈📈📈📈📈📈

📊 基本面分析 - 贵州茅台(600519)
============================================================
❌ 获取基本面数据失败：HTTPSConnectionPool(host='push2.eastmoney.com', port=443): Max retries exceeded with url: /api/qt/stock/get?fltt=2&invt=2&fields=f120%2Cf121%2Cf122%2Cf174%2Cf175%2Cf59%2Cf163%2Cf43%2Cf57%2Cf58%2Cf169%2Cf170%2Cf46%2Cf44%2Cf51%2Cf168%2Cf47%2Cf164%2Cf116%2Cf60%2Cf45%2Cf52%2Cf50%2Cf48%2Cf167%2Cf117%2Cf71%2Cf161%2Cf49%2Cf530%2Cf135%2Cf136%2Cf137%2Cf138%2Cf139%2Cf141%2Cf142%2Cf144%2Cf145%2Cf147%2Cf148%2Cf140%2Cf143%2Cf146%2Cf149%2Cf55%2Cf62%2Cf162%2Cf92%2Cf173%2Cf104%2Cf105%2Cf84%2Cf85%2Cf183%2Cf184%2Cf185%2Cf186%2Cf187%2Cf188%2Cf189%2Cf190%2Cf191%2Cf192%2Cf107%2Cf111%2Cf86%2Cf177%2Cf78%2Cf110%2Cf262%2Cf263%2Cf264%2Cf267%2Cf268%2Cf255%2Cf256%2Cf257%2Cf258%2Cf127%2Cf199%2Cf128%2Cf198%2Cf259%2Cf260%2Cf261%2Cf171%2Cf277%2Cf278%2Cf279%2Cf288%2Cf152%2Cf250%2Cf251%2Cf252%2Cf253%2Cf254%2Cf269%2Cf270%2Cf271%2Cf272%2Cf273%2Cf274%2Cf275%2Cf276%2Cf265%2Cf266%2Cf289%2Cf290%2Cf286%2Cf285%2Cf292%2Cf293%2Cf294%2Cf295%2Cf43&secid=1.600519 (Caused by ProxyError('Unable to connect to proxy', RemoteDisconnected('Remote end closed connection without response')))

📉 技术面分析 - 贵州茅台(600519)
============================================================
❌ 获取技术面数据失败：HTTPSConnectionPool(host='push2his.eastmoney.com', port=443): Max retries exceeded with url: /api/qt/stock/kline/get?fields1=f1%2Cf2%2Cf3%2Cf4%2Cf5%2Cf6&fields2=f51%2Cf52%2Cf53%2Cf54%2Cf55%2Cf56%2Cf57%2Cf58%2Cf59%2Cf60%2Cf61%2Cf116&ut=7eea3edcaed734bea9cbfc24409ed989&klt=101&fqt=1&secid=1.600519&beg=19700101&end=20500101 (Caused by ProxyError('Unable to connect to proxy', RemoteDisconnected('Remote end closed connection without response')))

💰 资金面分析 - 贵州茅台(600519)
============================================================
  主力资金数据暂不可用
  北向资金数据暂不可用（非沪深股通标的）
  换手率数据暂不可用
❌ 获取资金面数据失败：local variable 'latest_flow' referenced before assignment

💎 估值分析 - 贵州茅台(600519)
============================================================

当前估值:
  市盈率 (PE): N/A
  市净率 (PB): 7.13658212
  市销率 (PS): 10.08435732

⚠️ 风险提示 - 贵州茅台(600519)
============================================================
  ✅ 暂无重大风险事项

🎯 操作参考
============================================================
❌ 数据不足，无法生成操作建议

============================================================


📈📈📈📈📈📈📈📈📈📈📈📈📈📈📈📈📈📈📈📈📈📈📈📈📈📈📈📈📈📈
  A 股量化分析报告 - 宁德时代(300750)
📈📈📈📈📈📈📈📈📈📈📈📈📈📈📈📈📈📈📈📈📈📈📈📈📈📈📈📈📈📈

📊 基本面分析 - 宁德时代(300750)
============================================================
❌ 获取基本面数据失败：HTTPSConnectionPool(host='push2.eastmoney.com', port=443): Max retries exceeded with url: /api/qt/stock/get?fltt=2&invt=2&fields=f120%2Cf121%2Cf122%2Cf174%2Cf175%2Cf59%2Cf163%2Cf43%2Cf57%2Cf58%2Cf169%2Cf170%2Cf46%2Cf44%2Cf51%2Cf168%2Cf47%2Cf164%2Cf116%2Cf60%2Cf45%2Cf52%2Cf50%2Cf48%2Cf167%2Cf117%2Cf71%2Cf161%2Cf49%2Cf530%2Cf135%2Cf136%2Cf137%2Cf138%2Cf139%2Cf141%2Cf142%2Cf144%2Cf145%2Cf147%2Cf148%2Cf140%2Cf143%2Cf146%2Cf149%2Cf55%2Cf62%2Cf162%2Cf92%2Cf173%2Cf104%2Cf105%2Cf84%2Cf85%2Cf183%2Cf184%2Cf185%2Cf186%2Cf187%2Cf188%2Cf189%2Cf190%2Cf191%2Cf192%2Cf107%2Cf111%2Cf86%2Cf177%2Cf78%2Cf110%2Cf262%2Cf263%2Cf264%2Cf267%2Cf268%2Cf255%2Cf256%2Cf257%2Cf258%2Cf127%2Cf199%2Cf128%2Cf198%2Cf259%2Cf260%2Cf261%2Cf171%2Cf277%2Cf278%2Cf279%2Cf288%2Cf152%2Cf250%2Cf251%2Cf252%2Cf253%2Cf254%2Cf269%2Cf270%2Cf271%2Cf272%2Cf273%2Cf274%2Cf275%2Cf276%2Cf265%2Cf266%2Cf289%2Cf290%2Cf286%2Cf285%2Cf292%2Cf293%2Cf294%2Cf295%2Cf43&secid=0.300750 (Caused by ProxyError('Unable to connect to proxy', RemoteDisconnected('Remote end closed connection without response')))

📉 技术面分析 - 宁德时代(300750)
============================================================
❌ 获取技术面数据失败：HTTPSConnectionPool(host='push2his.eastmoney.com', port=443): Max retries exceeded with url: /api/qt/stock/kline/get?fields1=f1%2Cf2%2Cf3%2Cf4%2Cf5%2Cf6&fields2=f51%2Cf52%2Cf53%2Cf54%2Cf55%2Cf56%2Cf57%2Cf58%2Cf59%2Cf60%2Cf61%2Cf116&ut=7eea3edcaed734bea9cbfc24409ed989&klt=101&fqt=1&secid=0.300750&beg=19700101&end=20500101 (Caused by ProxyError('Unable to connect to proxy', RemoteDisconnected('Remote end closed connection without response')))

💰 资金面分析 - 宁德时代(300750)
============================================================
  主力资金数据暂不可用
  北向资金数据暂不可用（非沪深股通标的）
  换手率数据暂不可用
❌ 获取资金面数据失败：local variable 'latest_flow' referenced before assignment

💎 估值分析 - 宁德时代(300750)
============================================================

当前估值:
  市盈率 (PE): N/A
  市净率 (PB): 5.2977595
  市销率 (PS): 4.2150296

⚠️ 风险提示 - 宁德时代(300750)
============================================================
  ✅ 暂无重大风险事项

🎯 操作参考
============================================================
❌ 数据不足，无法生成操作建议

============================================================


📈📈📈📈📈📈📈📈📈📈📈📈📈📈📈📈📈📈📈📈📈📈📈📈📈📈📈📈📈📈
  A 股量化分析报告 - 紫金矿业(601899)
📈📈📈📈📈📈📈📈📈📈📈📈📈📈📈📈📈📈📈📈📈📈📈📈📈📈📈📈📈📈

📊 基本面分析 - 紫金矿业(601899)
============================================================
❌ 获取基本面数据失败：HTTPSConnectionPool(host='push2.eastmoney.com', port=443): Max retries exceeded with url: /api/qt/stock/get?fltt=2&invt=2&fields=f120%2Cf121%2Cf122%2Cf174%2Cf175%2Cf59%2Cf163%2Cf43%2Cf57%2Cf58%2Cf169%2Cf170%2Cf46%2Cf44%2Cf51%2Cf168%2Cf47%2Cf164%2Cf116%2Cf60%2Cf45%2Cf52%2Cf50%2Cf48%2Cf167%2Cf117%2Cf71%2Cf161%2Cf49%2Cf530%2Cf135%2Cf136%2Cf137%2Cf138%2Cf139%2Cf141%2Cf142%2Cf144%2Cf145%2Cf147%2Cf148%2Cf140%2Cf143%2Cf146%2Cf149%2Cf55%2Cf62%2Cf162%2Cf92%2Cf173%2Cf104%2Cf105%2Cf84%2Cf85%2Cf183%2Cf184%2Cf185%2Cf186%2Cf187%2Cf188%2Cf189%2Cf190%2Cf191%2Cf192%2Cf107%2Cf111%2Cf86%2Cf177%2Cf78%2Cf110%2Cf262%2Cf263%2Cf264%2Cf267%2Cf268%2Cf255%2Cf256%2Cf257%2Cf258%2Cf127%2Cf199%2Cf128%2Cf198%2Cf259%2Cf260%2Cf261%2Cf171%2Cf277%2Cf278%2Cf279%2Cf288%2Cf152%2Cf250%2Cf251%2Cf252%2Cf253%2Cf254%2Cf269%2Cf270%2Cf271%2Cf272%2Cf273%2Cf274%2Cf275%2Cf276%2Cf265%2Cf266%2Cf289%2Cf290%2Cf286%2Cf285%2Cf292%2Cf293%2Cf294%2Cf295%2Cf43&secid=1.601899 (Caused by ProxyError('Unable to connect to proxy', RemoteDisconnected('Remote end closed connection without response')))

📉 技术面分析 - 紫金矿业(601899)
============================================================
❌ 获取技术面数据失败：HTTPSConnectionPool(host='push2his.eastmoney.com', port=443): Max retries exceeded with url: /api/qt/stock/kline/get?fields1=f1%2Cf2%2Cf3%2Cf4%2Cf5%2Cf6&fields2=f51%2Cf52%2Cf53%2Cf54%2Cf55%2Cf56%2Cf57%2Cf58%2Cf59%2Cf60%2Cf61%2Cf116&ut=7eea3edcaed734bea9cbfc24409ed989&klt=101&fqt=1&secid=1.601899&beg=19700101&end=20500101 (Caused by ProxyError('Unable to connect to proxy', RemoteDisconnected('Remote end closed connection without response')))

💰 资金面分析 - 紫金矿业(601899)
============================================================
  主力资金数据暂不可用
  北向资金数据暂不可用（非沪深股通标的）
  换手率数据暂不可用
❌ 获取资金面数据失败：local variable 'latest_flow' referenced before assignment

💎 估值分析 - 紫金矿业(601899)
============================================================

当前估值:
  市盈率 (PE): N/A
  市净率 (PB): 5.0048337
  市销率 (PS): 2.63714037

⚠️ 风险提示 - 紫金矿业(601899)
============================================================
  ✅ 暂无重大风险事项

🎯 操作参考
============================================================
❌ 数据不足，无法生成操作建议

============================================================


✅ 分析完成！时间：2026-04-09 09:40:05
📁 报告已保存至：/Users/zhuxiaolei/.openclaw/workspace/logs/stock-analysis/stock_analysis_2026-04-09_09-40-05.txt
